Archive member included to satisfy reference by file (symbol)

/Applications/Ac6/SystemWorkbench.app/Contents/Eclipse/plugins/fr.ac6.mcu.externaltools.arm-none.macos64_1.16.0.201807130628/tools/compiler/bin/../lib/gcc/arm-none-eabi/7.2.1/../../../../arm-none-eabi/lib/thumb/v7-m/libc_nano.a(lib_a-exit.o)
                              /Applications/Ac6/SystemWorkbench.app/Contents/Eclipse/plugins/fr.ac6.mcu.externaltools.arm-none.macos64_1.16.0.201807130628/tools/compiler/bin/../lib/gcc/arm-none-eabi/7.2.1/../../../../arm-none-eabi/lib/thumb/v7-m/crt0.o (exit)
/Applications/Ac6/SystemWorkbench.app/Contents/Eclipse/plugins/fr.ac6.mcu.externaltools.arm-none.macos64_1.16.0.201807130628/tools/compiler/bin/../lib/gcc/arm-none-eabi/7.2.1/../../../../arm-none-eabi/lib/thumb/v7-m/libc_nano.a(lib_a-impure.o)
                              /Applications/Ac6/SystemWorkbench.app/Contents/Eclipse/plugins/fr.ac6.mcu.externaltools.arm-none.macos64_1.16.0.201807130628/tools/compiler/bin/../lib/gcc/arm-none-eabi/7.2.1/../../../../arm-none-eabi/lib/thumb/v7-m/libc_nano.a(lib_a-exit.o) (_global_impure_ptr)
/Applications/Ac6/SystemWorkbench.app/Contents/Eclipse/plugins/fr.ac6.mcu.externaltools.arm-none.macos64_1.16.0.201807130628/tools/compiler/bin/../lib/gcc/arm-none-eabi/7.2.1/../../../../arm-none-eabi/lib/thumb/v7-m/libc_nano.a(lib_a-init.o)
                              /Applications/Ac6/SystemWorkbench.app/Contents/Eclipse/plugins/fr.ac6.mcu.externaltools.arm-none.macos64_1.16.0.201807130628/tools/compiler/bin/../lib/gcc/arm-none-eabi/7.2.1/../../../../arm-none-eabi/lib/thumb/v7-m/crt0.o (__libc_init_array)
/Applications/Ac6/SystemWorkbench.app/Contents/Eclipse/plugins/fr.ac6.mcu.externaltools.arm-none.macos64_1.16.0.201807130628/tools/compiler/bin/../lib/gcc/arm-none-eabi/7.2.1/../../../../arm-none-eabi/lib/thumb/v7-m/libc_nano.a(lib_a-memset.o)
                              /Applications/Ac6/SystemWorkbench.app/Contents/Eclipse/plugins/fr.ac6.mcu.externaltools.arm-none.macos64_1.16.0.201807130628/tools/compiler/bin/../lib/gcc/arm-none-eabi/7.2.1/../../../../arm-none-eabi/lib/thumb/v7-m/crt0.o (memset)
/Applications/Ac6/SystemWorkbench.app/Contents/Eclipse/plugins/fr.ac6.mcu.externaltools.arm-none.macos64_1.16.0.201807130628/tools/compiler/bin/../lib/gcc/arm-none-eabi/7.2.1/../../../../arm-none-eabi/lib/thumb/v7-m/libnosys.a(_exit.o)
                              /Applications/Ac6/SystemWorkbench.app/Contents/Eclipse/plugins/fr.ac6.mcu.externaltools.arm-none.macos64_1.16.0.201807130628/tools/compiler/bin/../lib/gcc/arm-none-eabi/7.2.1/../../../../arm-none-eabi/lib/thumb/v7-m/libc_nano.a(lib_a-exit.o) (_exit)

Allocating common symbols
Common symbol       size              file

uwTick              0x4               Drivers/STM32L1xx_HAL_Driver/Src/stm32l1xx_hal.o
pFlash              0x18              Drivers/STM32L1xx_HAL_Driver/Src/stm32l1xx_hal_flash.o
htim5               0x38              Src/tim.o
hdma_tim5_ch1       0x44              Src/tim.o
hdma_tim5_ch2       0x44              Src/tim.o
temperature_inNfb   0xa               Src/main.o
hdma_adc            0x44              Src/adc.o
hadc                0x54              Src/adc.o
T_fb_avg_data       0x5               Src/main.o
T_in_avg_data       0x5               Src/main.o

Discarded input sections

 .text          0x0000000000000000        0x0 /Applications/Ac6/SystemWorkbench.app/Contents/Eclipse/plugins/fr.ac6.mcu.externaltools.arm-none.macos64_1.16.0.201807130628/tools/compiler/bin/../lib/gcc/arm-none-eabi/7.2.1/thumb/v7-m/crti.o
 .data          0x0000000000000000        0x0 /Applications/Ac6/SystemWorkbench.app/Contents/Eclipse/plugins/fr.ac6.mcu.externaltools.arm-none.macos64_1.16.0.201807130628/tools/compiler/bin/../lib/gcc/arm-none-eabi/7.2.1/thumb/v7-m/crti.o
 .bss           0x0000000000000000        0x0 /Applications/Ac6/SystemWorkbench.app/Contents/Eclipse/plugins/fr.ac6.mcu.externaltools.arm-none.macos64_1.16.0.201807130628/tools/compiler/bin/../lib/gcc/arm-none-eabi/7.2.1/thumb/v7-m/crti.o
 .data          0x0000000000000000        0x4 /Applications/Ac6/SystemWorkbench.app/Contents/Eclipse/plugins/fr.ac6.mcu.externaltools.arm-none.macos64_1.16.0.201807130628/tools/compiler/bin/../lib/gcc/arm-none-eabi/7.2.1/thumb/v7-m/crtbegin.o
 .text          0x0000000000000000       0x74 /Applications/Ac6/SystemWorkbench.app/Contents/Eclipse/plugins/fr.ac6.mcu.externaltools.arm-none.macos64_1.16.0.201807130628/tools/compiler/bin/../lib/gcc/arm-none-eabi/7.2.1/../../../../arm-none-eabi/lib/thumb/v7-m/crt0.o
 .data          0x0000000000000000        0x0 /Applications/Ac6/SystemWorkbench.app/Contents/Eclipse/plugins/fr.ac6.mcu.externaltools.arm-none.macos64_1.16.0.201807130628/tools/compiler/bin/../lib/gcc/arm-none-eabi/7.2.1/../../../../arm-none-eabi/lib/thumb/v7-m/crt0.o
[...]
Memory Configuration

Name             Origin             Length             Attributes
RAM              0x0000000020000000 0x0000000000008000 xrw
FLASH            0x0000000008000000 0x0000000000040000 xr
*default*        0x0000000000000000 0xffffffffffffffff

Linker script and memory map

LOAD /Applications/Ac6/SystemWorkbench.app/Contents/Eclipse/plugins/fr.ac6.mcu.externaltools.arm-none.macos64_1.16.0.201807130628/tools/compiler/bin/../lib/gcc/arm-none-eabi/7.2.1/thumb/v7-m/crti.o
LOAD /Applications/Ac6/SystemWorkbench.app/Contents/Eclipse/plugins/fr.ac6.mcu.externaltools.arm-none.macos64_1.16.0.201807130628/tools/compiler/bin/../lib/gcc/arm-none-eabi/7.2.1/thumb/v7-m/crtbegin.o
LOAD /Applications/Ac6/SystemWorkbench.app/Contents/Eclipse/plugins/fr.ac6.mcu.externaltools.arm-none.macos64_1.16.0.201807130628/tools/compiler/bin/../lib/gcc/arm-none-eabi/7.2.1/../../../../arm-none-eabi/lib/thumb/v7-m/crt0.o
LOAD Drivers/STM32L1xx_HAL_Driver/Src/stm32l1xx_hal.o
LOAD Drivers/STM32L1xx_HAL_Driver/Src/stm32l1xx_hal_adc.o
LOAD Drivers/STM32L1xx_HAL_Driver/Src/stm32l1xx_hal_adc_ex.o
LOAD Drivers/STM32L1xx_HAL_Driver/Src/stm32l1xx_hal_cortex.o
LOAD Drivers/STM32L1xx_HAL_Driver/Src/stm32l1xx_hal_dma.o
LOAD Drivers/STM32L1xx_HAL_Driver/Src/stm32l1xx_hal_flash.o
LOAD Drivers/STM32L1xx_HAL_Driver/Src/stm32l1xx_hal_flash_ex.o
LOAD Drivers/STM32L1xx_HAL_Driver/Src/stm32l1xx_hal_flash_ramfunc.o
LOAD Drivers/STM32L1xx_HAL_Driver/Src/stm32l1xx_hal_gpio.o
LOAD Drivers/STM32L1xx_HAL_Driver/Src/stm32l1xx_hal_pwr.o
LOAD Drivers/STM32L1xx_HAL_Driver/Src/stm32l1xx_hal_pwr_ex.o
LOAD Drivers/STM32L1xx_HAL_Driver/Src/stm32l1xx_hal_rcc.o
LOAD Drivers/STM32L1xx_HAL_Driver/Src/stm32l1xx_hal_rcc_ex.o
LOAD Drivers/STM32L1xx_HAL_Driver/Src/stm32l1xx_hal_tim.o
LOAD Drivers/STM32L1xx_HAL_Driver/Src/stm32l1xx_hal_tim_ex.o
LOAD Src/adc.o
LOAD Src/dma.o
LOAD Src/gpio.o
LOAD Src/main.o
LOAD Src/pwm.o
LOAD Src/stm32l1xx_hal_msp.o
LOAD Src/stm32l1xx_it.o
LOAD Src/system_stm32l1xx.o
LOAD Src/tim.o
LOAD startup/startup_stm32l152xc.o
LOAD /Applications/Ac6/SystemWorkbench.app/Contents/Eclipse/plugins/fr.ac6.mcu.externaltools.arm-none.macos64_1.16.0.201807130628/tools/compiler/bin/../lib/gcc/arm-none-eabi/7.2.1/../../../../arm-none-eabi/lib/thumb/v7-m/libm.a
START GROUP
LOAD /Applications/Ac6/SystemWorkbench.app/Contents/Eclipse/plugins/fr.ac6.mcu.externaltools.arm-none.macos64_1.16.0.201807130628/tools/compiler/bin/../lib/gcc/arm-none-eabi/7.2.1/thumb/v7-m/libgcc.a
LOAD /Applications/Ac6/SystemWorkbench.app/Contents/Eclipse/plugins/fr.ac6.mcu.externaltools.arm-none.macos64_1.16.0.201807130628/tools/compiler/bin/../lib/gcc/arm-none-eabi/7.2.1/../../../../arm-none-eabi/lib/thumb/v7-m/libc_nano.a
END GROUP
START GROUP
LOAD /Applications/Ac6/SystemWorkbench.app/Contents/Eclipse/plugins/fr.ac6.mcu.externaltools.arm-none.macos64_1.16.0.201807130628/tools/compiler/bin/../lib/gcc/arm-none-eabi/7.2.1/thumb/v7-m/libgcc.a
LOAD /Applications/Ac6/SystemWorkbench.app/Contents/Eclipse/plugins/fr.ac6.mcu.externaltools.arm-none.macos64_1.16.0.201807130628/tools/compiler/bin/../lib/gcc/arm-none-eabi/7.2.1/../../../../arm-none-eabi/lib/thumb/v7-m/libc_nano.a
LOAD /Applications/Ac6/SystemWorkbench.app/Contents/Eclipse/plugins/fr.ac6.mcu.externaltools.arm-none.macos64_1.16.0.201807130628/tools/compiler/bin/../lib/gcc/arm-none-eabi/7.2.1/../../../../arm-none-eabi/lib/thumb/v7-m/libnosys.a
END GROUP
START GROUP
LOAD /Applications/Ac6/SystemWorkbench.app/Contents/Eclipse/plugins/fr.ac6.mcu.externaltools.arm-none.macos64_1.16.0.201807130628/tools/compiler/bin/../lib/gcc/arm-none-eabi/7.2.1/thumb/v7-m/libgcc.a
LOAD /Applications/Ac6/SystemWorkbench.app/Contents/Eclipse/plugins/fr.ac6.mcu.externaltools.arm-none.macos64_1.16.0.201807130628/tools/compiler/bin/../lib/gcc/arm-none-eabi/7.2.1/../../../../arm-none-eabi/lib/thumb/v7-m/libc_nano.a
LOAD /Applications/Ac6/SystemWorkbench.app/Contents/Eclipse/plugins/fr.ac6.mcu.externaltools.arm-none.macos64_1.16.0.201807130628/tools/compiler/bin/../lib/gcc/arm-none-eabi/7.2.1/../../../../arm-none-eabi/lib/thumb/v7-m/libnosys.a
END GROUP
LOAD /Applications/Ac6/SystemWorkbench.app/Contents/Eclipse/plugins/fr.ac6.mcu.externaltools.arm-none.macos64_1.16.0.201807130628/tools/compiler/bin/../lib/gcc/arm-none-eabi/7.2.1/thumb/v7-m/crtend.o
LOAD /Applications/Ac6/SystemWorkbench.app/Contents/Eclipse/plugins/fr.ac6.mcu.externaltools.arm-none.macos64_1.16.0.201807130628/tools/compiler/bin/../lib/gcc/arm-none-eabi/7.2.1/thumb/v7-m/crtn.o
                0x0000000020008000                _estack = 0x20008000
                0x0000000000000200                _Min_Heap_Size = 0x200
                0x0000000000000400                _Min_Stack_Size = 0x400

.isr_vector     0x0000000008000000      0x13c
                0x0000000008000000                . = ALIGN (0x4)
 *(.isr_vector)
 .isr_vector    0x0000000008000000      0x13c startup/startup_stm32l152xc.o
                0x0000000008000000                g_pfnVectors
                0x000000000800013c                . = ALIGN (0x4)

.text           0x000000000800013c     0x23c4
                0x000000000800013c                . = ALIGN (0x4)
 *(.text)
 .text          0x000000000800013c       0x40 /Applications/Ac6/SystemWorkbench.app/Contents/Eclipse/plugins/fr.ac6.mcu.externaltools.arm-none.macos64_1.16.0.201807130628/tools/compiler/bin/../lib/gcc/arm-none-eabi/7.2.1/thumb/v7-m/crtbegin.o
 *(.text*)
 .text.HAL_InitTick
                0x000000000800017c       0x2c Drivers/STM32L1xx_HAL_Driver/Src/stm32l1xx_hal.o
                0x000000000800017c                HAL_InitTick
 .text.HAL_Init
                0x00000000080001a8       0x16 Drivers/STM32L1xx_HAL_Driver/Src/stm32l1xx_hal.o
                0x00000000080001a8                HAL_Init
 *fill*         0x00000000080001be        0x2 
 .text.HAL_IncTick
                0x00000000080001c0       0x10 Drivers/STM32L1xx_HAL_Driver/Src/stm32l1xx_hal.o
                0x00000000080001c0                HAL_IncTick
 .text.HAL_GetTick
                0x00000000080001d0        0xc Drivers/STM32L1xx_HAL_Driver/Src/stm32l1xx_hal.o
                0x00000000080001d0                HAL_GetTick
 .text.HAL_ADC_Init
                0x00000000080001dc      0x198 Drivers/STM32L1xx_HAL_Driver/Src/stm32l1xx_hal_adc.o
                0x00000000080001dc                HAL_ADC_Init
 .text.ADC_DMAConvCplt
                0x0000000008000374       0x62 Drivers/STM32L1xx_HAL_Driver/Src/stm32l1xx_hal_adc.o
 .text.HAL_ADC_ConvHalfCpltCallback
                0x00000000080003d6        0x2 Drivers/STM32L1xx_HAL_Driver/Src/stm32l1xx_hal_adc.o
                0x00000000080003d6                HAL_ADC_ConvHalfCpltCallback
 .text.ADC_DMAHalfConvCplt
                0x00000000080003d8        0xa Drivers/STM32L1xx_HAL_Driver/Src/stm32l1xx_hal_adc.o
 .text.HAL_ADC_ErrorCallback
                0x00000000080003e2        0x2 Drivers/STM32L1xx_HAL_Driver/Src/stm32l1xx_hal_adc.o
                0x00000000080003e2                HAL_ADC_ErrorCallback
 .text.ADC_DMAError
                0x00000000080003e4       0x1a Drivers/STM32L1xx_HAL_Driver/Src/stm32l1xx_hal_adc.o
 *fill*         0x00000000080003fe        0x2 
 .text.HAL_ADC_ConfigChannel
                0x0000000008000400      0x190 Drivers/STM32L1xx_HAL_Driver/Src/stm32l1xx_hal_adc.o
                0x0000000008000400                HAL_ADC_ConfigChannel
 .text.ADC_Enable
                0x0000000008000590       0x84 Drivers/STM32L1xx_HAL_Driver/Src/stm32l1xx_hal_adc.o
                0x0000000008000590                ADC_Enable
 .text.HAL_ADC_Start_DMA
                0x0000000008000614       0xc4 Drivers/STM32L1xx_HAL_Driver/Src/stm32l1xx_hal_adc.o
                0x0000000008000614                HAL_ADC_Start_DMA
 .text.HAL_NVIC_SetPriorityGrouping
                0x00000000080006d8       0x24 Drivers/STM32L1xx_HAL_Driver/Src/stm32l1xx_hal_cortex.o
                0x00000000080006d8                HAL_NVIC_SetPriorityGrouping
 .text.HAL_NVIC_SetPriority
                0x00000000080006fc       0x68 Drivers/STM32L1xx_HAL_Driver/Src/stm32l1xx_hal_cortex.o
                0x00000000080006fc                HAL_NVIC_SetPriority
 .text.HAL_NVIC_EnableIRQ
                0x0000000008000764       0x18 Drivers/STM32L1xx_HAL_Driver/Src/stm32l1xx_hal_cortex.o
                0x0000000008000764                HAL_NVIC_EnableIRQ
 .text.HAL_SYSTICK_Config
                0x000000000800077c       0x2c Drivers/STM32L1xx_HAL_Driver/Src/stm32l1xx_hal_cortex.o
                0x000000000800077c                HAL_SYSTICK_Config
 .text.HAL_SYSTICK_CLKSourceConfig
                0x00000000080007a8       0x20 Drivers/STM32L1xx_HAL_Driver/Src/stm32l1xx_hal_cortex.o
                0x00000000080007a8                HAL_SYSTICK_CLKSourceConfig
 .text.HAL_SYSTICK_Callback
                0x00000000080007c8        0x2 Drivers/STM32L1xx_HAL_Driver/Src/stm32l1xx_hal_cortex.o
                0x00000000080007c8                HAL_SYSTICK_Callback
 .text.HAL_SYSTICK_IRQHandler
                0x00000000080007ca        0x8 Drivers/STM32L1xx_HAL_Driver/Src/stm32l1xx_hal_cortex.o
                0x00000000080007ca                HAL_SYSTICK_IRQHandler
 .text.DMA_SetConfig
                0x00000000080007d2       0x2c Drivers/STM32L1xx_HAL_Driver/Src/stm32l1xx_hal_dma.o
 *fill*         0x00000000080007fe        0x2 
 .text.HAL_DMA_Init
                0x0000000008000800       0xa0 Drivers/STM32L1xx_HAL_Driver/Src/stm32l1xx_hal_dma.o
                0x0000000008000800                HAL_DMA_Init
 .text.HAL_DMA_Start_IT
                0x00000000080008a0       0x76 Drivers/STM32L1xx_HAL_Driver/Src/stm32l1xx_hal_dma.o
                0x00000000080008a0                HAL_DMA_Start_IT
 .text.HAL_DMA_IRQHandler
                0x0000000008000916       0xb4 Drivers/STM32L1xx_HAL_Driver/Src/stm32l1xx_hal_dma.o
                0x0000000008000916                HAL_DMA_IRQHandler
 *fill*         0x00000000080009ca        0x2 
 .text.HAL_GPIO_Init
                0x00000000080009cc      0x194 Drivers/STM32L1xx_HAL_Driver/Src/stm32l1xx_hal_gpio.o
                0x00000000080009cc                HAL_GPIO_Init
 .text.RCC_SetFlashLatencyFromMSIRange
                0x0000000008000b60       0x94 Drivers/STM32L1xx_HAL_Driver/Src/stm32l1xx_hal_rcc.o
 .text.HAL_RCC_OscConfig
                0x0000000008000bf4      0x78c Drivers/STM32L1xx_HAL_Driver/Src/stm32l1xx_hal_rcc.o
                0x0000000008000bf4                HAL_RCC_OscConfig
 .text.HAL_RCC_GetSysClockFreq
                0x0000000008001380       0x9c Drivers/STM32L1xx_HAL_Driver/Src/stm32l1xx_hal_rcc.o
                0x0000000008001380                HAL_RCC_GetSysClockFreq
 .text.HAL_RCC_ClockConfig
                0x000000000800141c      0x248 Drivers/STM32L1xx_HAL_Driver/Src/stm32l1xx_hal_rcc.o
                0x000000000800141c                HAL_RCC_ClockConfig
 .text.HAL_RCC_GetHCLKFreq
                0x0000000008001664        0xc Drivers/STM32L1xx_HAL_Driver/Src/stm32l1xx_hal_rcc.o
                0x0000000008001664                HAL_RCC_GetHCLKFreq
 .text.TIM_Base_SetConfig
                0x0000000008001670       0x80 Drivers/STM32L1xx_HAL_Driver/Src/stm32l1xx_hal_tim.o
 .text.TIM_OC1_SetConfig
                0x00000000080016f0       0x2e Drivers/STM32L1xx_HAL_Driver/Src/stm32l1xx_hal_tim.o
 .text.TIM_OC2_SetConfig
                0x000000000800171e       0x32 Drivers/STM32L1xx_HAL_Driver/Src/stm32l1xx_hal_tim.o
 .text.TIM_OC3_SetConfig
                0x0000000008001750       0x30 Drivers/STM32L1xx_HAL_Driver/Src/stm32l1xx_hal_tim.o
 .text.TIM_OC4_SetConfig
                0x0000000008001780       0x32 Drivers/STM32L1xx_HAL_Driver/Src/stm32l1xx_hal_tim.o
 .text.TIM_TI1_ConfigInputStage
                0x00000000080017b2       0x24 Drivers/STM32L1xx_HAL_Driver/Src/stm32l1xx_hal_tim.o
 .text.TIM_TI2_ConfigInputStage
                0x00000000080017d6       0x26 Drivers/STM32L1xx_HAL_Driver/Src/stm32l1xx_hal_tim.o
 .text.TIM_ITRx_SetConfig
                0x00000000080017fc       0x10 Drivers/STM32L1xx_HAL_Driver/Src/stm32l1xx_hal_tim.o
 .text.TIM_ETR_SetConfig
                0x000000000800180c       0x16 Drivers/STM32L1xx_HAL_Driver/Src/stm32l1xx_hal_tim.o
 .text.TIM_CCxChannelCmd
                0x0000000008001822       0x1c Drivers/STM32L1xx_HAL_Driver/Src/stm32l1xx_hal_tim.o
 .text.HAL_TIM_Base_Init
                0x000000000800183e       0x32 Drivers/STM32L1xx_HAL_Driver/Src/stm32l1xx_hal_tim.o
                0x000000000800183e                HAL_TIM_Base_Init
 .text.HAL_TIM_Base_Start_IT
                0x0000000008001870       0x18 Drivers/STM32L1xx_HAL_Driver/Src/stm32l1xx_hal_tim.o
                0x0000000008001870                HAL_TIM_Base_Start_IT
 .text.HAL_TIM_PWM_MspInit
                0x0000000008001888        0x2 Drivers/STM32L1xx_HAL_Driver/Src/stm32l1xx_hal_tim.o
                0x0000000008001888                HAL_TIM_PWM_MspInit
 .text.HAL_TIM_PWM_Init
                0x000000000800188a       0x32 Drivers/STM32L1xx_HAL_Driver/Src/stm32l1xx_hal_tim.o
                0x000000000800188a                HAL_TIM_PWM_Init
 .text.HAL_TIM_PWM_Start
                0x00000000080018bc       0x1a Drivers/STM32L1xx_HAL_Driver/Src/stm32l1xx_hal_tim.o
                0x00000000080018bc                HAL_TIM_PWM_Start
 .text.HAL_TIM_PWM_ConfigChannel
                0x00000000080018d6       0xdc Drivers/STM32L1xx_HAL_Driver/Src/stm32l1xx_hal_tim.o
                0x00000000080018d6                HAL_TIM_PWM_ConfigChannel
 .text.HAL_TIM_ConfigClockSource
                0x00000000080019b2      0x108 Drivers/STM32L1xx_HAL_Driver/Src/stm32l1xx_hal_tim.o
                0x00000000080019b2                HAL_TIM_ConfigClockSource
 .text.HAL_TIM_OC_DelayElapsedCallback
                0x0000000008001aba        0x2 Drivers/STM32L1xx_HAL_Driver/Src/stm32l1xx_hal_tim.o
                0x0000000008001aba                HAL_TIM_OC_DelayElapsedCallback
 .text.HAL_TIM_IC_CaptureCallback
                0x0000000008001abc        0x2 Drivers/STM32L1xx_HAL_Driver/Src/stm32l1xx_hal_tim.o
                0x0000000008001abc                HAL_TIM_IC_CaptureCallback
 .text.HAL_TIM_PWM_PulseFinishedCallback
                0x0000000008001abe        0x2 Drivers/STM32L1xx_HAL_Driver/Src/stm32l1xx_hal_tim.o
                0x0000000008001abe                HAL_TIM_PWM_PulseFinishedCallback
 .text.HAL_TIM_TriggerCallback
                0x0000000008001ac0        0x2 Drivers/STM32L1xx_HAL_Driver/Src/stm32l1xx_hal_tim.o
                0x0000000008001ac0                HAL_TIM_TriggerCallback
 .text.HAL_TIM_IRQHandler
                0x0000000008001ac2      0x13a Drivers/STM32L1xx_HAL_Driver/Src/stm32l1xx_hal_tim.o
                0x0000000008001ac2                HAL_TIM_IRQHandler
 .text.HAL_TIMEx_MasterConfigSynchronization
                0x0000000008001bfc       0x52 Drivers/STM32L1xx_HAL_Driver/Src/stm32l1xx_hal_tim_ex.o
                0x0000000008001bfc                HAL_TIMEx_MasterConfigSynchronization
 *fill*         0x0000000008001c4e        0x2 
 .text.MX_ADC_Init
                0x0000000008001c50      0x188 Src/adc.o
                0x0000000008001c50                MX_ADC_Init
 .text.HAL_ADC_MspInit
                0x0000000008001dd8       0xac Src/adc.o
                0x0000000008001dd8                HAL_ADC_MspInit
 .text.MX_DMA_Init
                0x0000000008001e84       0x64 Src/dma.o
                0x0000000008001e84                MX_DMA_Init
 .text.MX_GPIO_Init
                0x0000000008001ee8       0x44 Src/gpio.o
                0x0000000008001ee8                MX_GPIO_Init
 .text.HAL_ADC_ConvCpltCallback
                0x0000000008001f2c        0x2 Src/main.o
                0x0000000008001f2c                HAL_ADC_ConvCpltCallback
 *fill*         0x0000000008001f2e        0x2 
 .text.HAL_TIM_PeriodElapsedCallback
                0x0000000008001f30       0x34 Src/main.o
                0x0000000008001f30                HAL_TIM_PeriodElapsedCallback
 .text._Error_Handler
                0x0000000008001f64        0x2 Src/main.o
                0x0000000008001f64                _Error_Handler
 *fill*         0x0000000008001f66        0x2 
 .text.SystemClock_Config
                0x0000000008001f68       0x94 Src/main.o
                0x0000000008001f68                SystemClock_Config
 .text.main     0x0000000008001ffc       0x74 Src/main.o
                0x0000000008001ffc                main
 .text.PWM_Peltier_SetPWM
                0x0000000008002070       0x28 Src/pwm.o
                0x0000000008002070                PWM_Peltier_SetPWM
 .text.PWM_Peltier_Start
                0x0000000008002098       0x20 Src/pwm.o
                0x0000000008002098                PWM_Peltier_Start
 .text.PWM_Peltier_Control
                0x00000000080020b8       0xa0 Src/pwm.o
                0x00000000080020b8                PWM_Peltier_Control
 .text.HAL_MspInit
                0x0000000008002158       0xa0 Src/stm32l1xx_hal_msp.o
                0x0000000008002158                HAL_MspInit
 .text.NMI_Handler
                0x00000000080021f8        0x2 Src/stm32l1xx_it.o
                0x00000000080021f8                NMI_Handler
 .text.HardFault_Handler
                0x00000000080021fa        0x2 Src/stm32l1xx_it.o
                0x00000000080021fa                HardFault_Handler
 .text.MemManage_Handler
                0x00000000080021fc        0x2 Src/stm32l1xx_it.o
                0x00000000080021fc                MemManage_Handler
 .text.BusFault_Handler
                0x00000000080021fe        0x2 Src/stm32l1xx_it.o
                0x00000000080021fe                BusFault_Handler
 .text.UsageFault_Handler
                0x0000000008002200        0x2 Src/stm32l1xx_it.o
                0x0000000008002200                UsageFault_Handler
 .text.SVC_Handler
                0x0000000008002202        0x2 Src/stm32l1xx_it.o
                0x0000000008002202                SVC_Handler
 .text.DebugMon_Handler
                0x0000000008002204        0x2 Src/stm32l1xx_it.o
                0x0000000008002204                DebugMon_Handler
 .text.PendSV_Handler
                0x0000000008002206        0x2 Src/stm32l1xx_it.o
                0x0000000008002206                PendSV_Handler
 .text.SysTick_Handler
                0x0000000008002208        0xc Src/stm32l1xx_it.o
                0x0000000008002208                SysTick_Handler
 .text.DMA1_Channel1_IRQHandler
                0x0000000008002214       0x10 Src/stm32l1xx_it.o
                0x0000000008002214                DMA1_Channel1_IRQHandler
 .text.TIM5_IRQHandler
                0x0000000008002224       0x10 Src/stm32l1xx_it.o
                0x0000000008002224                TIM5_IRQHandler
 .text.DMA2_Channel4_IRQHandler
                0x0000000008002234       0x10 Src/stm32l1xx_it.o
                0x0000000008002234                DMA2_Channel4_IRQHandler
 .text.DMA2_Channel5_IRQHandler
                0x0000000008002244       0x10 Src/stm32l1xx_it.o
                0x0000000008002244                DMA2_Channel5_IRQHandler
 .text.SystemInit
                0x0000000008002254       0x48 Src/system_stm32l1xx.o
                0x0000000008002254                SystemInit
 .text.HAL_TIM_Base_MspInit
                0x000000000800229c       0xc0 Src/tim.o
                0x000000000800229c                HAL_TIM_Base_MspInit
 .text.HAL_TIM_MspPostInit
                0x000000000800235c       0x34 Src/tim.o
                0x000000000800235c                HAL_TIM_MspPostInit
 .text.MX_TIM5_Init
                0x0000000008002390       0xc4 Src/tim.o
                0x0000000008002390                MX_TIM5_Init
 .text.Reset_Handler
                0x0000000008002454       0x48 startup/startup_stm32l152xc.o
                0x0000000008002454                Reset_Handler
 .text.Default_Handler
                0x000000000800249c        0x2 startup/startup_stm32l152xc.o
                0x000000000800249c                DMA2_Channel3_IRQHandler
                0x000000000800249c                EXTI2_IRQHandler
                0x000000000800249c                COMP_ACQ_IRQHandler
                0x000000000800249c                TIM10_IRQHandler
                0x000000000800249c                USB_HP_IRQHandler
                0x000000000800249c                TIM6_IRQHandler
                0x000000000800249c                PVD_IRQHandler
                0x000000000800249c                EXTI3_IRQHandler
                0x000000000800249c                EXTI0_IRQHandler
                0x000000000800249c                I2C2_EV_IRQHandler
                0x000000000800249c                SPI1_IRQHandler
                0x000000000800249c                USB_FS_WKUP_IRQHandler
                0x000000000800249c                DMA2_Channel2_IRQHandler
                0x000000000800249c                DMA1_Channel4_IRQHandler
                0x000000000800249c                ADC1_IRQHandler
                0x000000000800249c                USART3_IRQHandler
                0x000000000800249c                DMA1_Channel7_IRQHandler
                0x000000000800249c                LCD_IRQHandler
                0x000000000800249c                TIM4_IRQHandler
                0x000000000800249c                DMA2_Channel1_IRQHandler
                0x000000000800249c                I2C1_EV_IRQHandler
                0x000000000800249c                DMA1_Channel6_IRQHandler
                0x000000000800249c                TIM3_IRQHandler
                0x000000000800249c                RCC_IRQHandler
                0x000000000800249c                Default_Handler
                0x000000000800249c                EXTI15_10_IRQHandler
                0x000000000800249c                TIM7_IRQHandler
                0x000000000800249c                EXTI9_5_IRQHandler
                0x000000000800249c                TIM9_IRQHandler
                0x000000000800249c                TAMPER_STAMP_IRQHandler
                0x000000000800249c                RTC_WKUP_IRQHandler
                0x000000000800249c                SPI2_IRQHandler
                0x000000000800249c                DMA1_Channel5_IRQHandler
                0x000000000800249c                USB_LP_IRQHandler
                0x000000000800249c                EXTI4_IRQHandler
                0x000000000800249c                DMA1_Channel3_IRQHandler
                0x000000000800249c                COMP_IRQHandler
                0x000000000800249c                WWDG_IRQHandler
                0x000000000800249c                TIM2_IRQHandler
                0x000000000800249c                DAC_IRQHandler
                0x000000000800249c                EXTI1_IRQHandler
                0x000000000800249c                TIM11_IRQHandler
                0x000000000800249c                USART2_IRQHandler
                0x000000000800249c                I2C2_ER_IRQHandler
                0x000000000800249c                DMA1_Channel2_IRQHandler
                0x000000000800249c                FLASH_IRQHandler
                0x000000000800249c                USART1_IRQHandler
                0x000000000800249c                SPI3_IRQHandler
                0x000000000800249c                I2C1_ER_IRQHandler
                0x000000000800249c                RTC_Alarm_IRQHandler
 *fill*         0x000000000800249e        0x2 
 .text.__libc_init_array
                0x00000000080024a0       0x48 /Applications/Ac6/SystemWorkbench.app/Contents/Eclipse/plugins/fr.ac6.mcu.externaltools.arm-none.macos64_1.16.0.201807130628/tools/compiler/bin/../lib/gcc/arm-none-eabi/7.2.1/../../../../arm-none-eabi/lib/thumb/v7-m/libc_nano.a(lib_a-init.o)
                0x00000000080024a0                __libc_init_array
 *(.glue_7)
 .glue_7        0x00000000080024e8        0x0 linker stubs
 *(.glue_7t)
 .glue_7t       0x00000000080024e8        0x0 linker stubs
 *(.eh_frame)
 .eh_frame      0x00000000080024e8        0x0 /Applications/Ac6/SystemWorkbench.app/Contents/Eclipse/plugins/fr.ac6.mcu.externaltools.arm-none.macos64_1.16.0.201807130628/tools/compiler/bin/../lib/gcc/arm-none-eabi/7.2.1/thumb/v7-m/crtbegin.o
 *(.init)
 .init          0x00000000080024e8        0x4 /Applications/Ac6/SystemWorkbench.app/Contents/Eclipse/plugins/fr.ac6.mcu.externaltools.arm-none.macos64_1.16.0.201807130628/tools/compiler/bin/../lib/gcc/arm-none-eabi/7.2.1/thumb/v7-m/crti.o
                0x00000000080024e8                _init
 .init          0x00000000080024ec        0x8 /Applications/Ac6/SystemWorkbench.app/Contents/Eclipse/plugins/fr.ac6.mcu.externaltools.arm-none.macos64_1.16.0.201807130628/tools/compiler/bin/../lib/gcc/arm-none-eabi/7.2.1/thumb/v7-m/crtn.o
 *(.fini)
 .fini          0x00000000080024f4        0x4 /Applications/Ac6/SystemWorkbench.app/Contents/Eclipse/plugins/fr.ac6.mcu.externaltools.arm-none.macos64_1.16.0.201807130628/tools/compiler/bin/../lib/gcc/arm-none-eabi/7.2.1/thumb/v7-m/crti.o
                0x00000000080024f4                _fini
 .fini          0x00000000080024f8        0x8 /Applications/Ac6/SystemWorkbench.app/Contents/Eclipse/plugins/fr.ac6.mcu.externaltools.arm-none.macos64_1.16.0.201807130628/tools/compiler/bin/../lib/gcc/arm-none-eabi/7.2.1/thumb/v7-m/crtn.o
                0x0000000008002500                . = ALIGN (0x4)
                0x0000000008002500                _etext = .

.vfp11_veneer   0x0000000008002500        0x0
 .vfp11_veneer  0x0000000008002500        0x0 linker stubs

.v4_bx          0x0000000008002500        0x0
 .v4_bx         0x0000000008002500        0x0 linker stubs

.iplt           0x0000000008002500        0x0
 .iplt          0x0000000008002500        0x0 /Applications/Ac6/SystemWorkbench.app/Contents/Eclipse/plugins/fr.ac6.mcu.externaltools.arm-none.macos64_1.16.0.201807130628/tools/compiler/bin/../lib/gcc/arm-none-eabi/7.2.1/thumb/v7-m/crtbegin.o

.rodata         0x0000000008002500      0x154
                0x0000000008002500                . = ALIGN (0x4)
 *(.rodata)
 .rodata        0x0000000008002500      0x100 Src/pwm.o
 .rodata        0x0000000008002600       0x24 Src/system_stm32l1xx.o
                0x0000000008002600                PLLMulTable
                0x000000000800260c                AHBPrescTable
                0x000000000800261c                APBPrescTable
 *(.rodata*)
 .rodata.str1.4
                0x0000000008002624        0xd Src/adc.o
 *fill*         0x0000000008002631        0x3 
 .rodata.str1.4
                0x0000000008002634        0xe Src/main.o
 *fill*         0x0000000008002642        0x2 
 .rodata.str1.4
                0x0000000008002644       0x10 Src/tim.o
                                          0xd (size before relaxing)
                0x0000000008002654                . = ALIGN (0x4)

.rel.dyn        0x0000000008002654        0x0
 .rel.iplt      0x0000000008002654        0x0 /Applications/Ac6/SystemWorkbench.app/Contents/Eclipse/plugins/fr.ac6.mcu.externaltools.arm-none.macos64_1.16.0.201807130628/tools/compiler/bin/../lib/gcc/arm-none-eabi/7.2.1/thumb/v7-m/crtbegin.o

.ARM.extab
 *(.ARM.extab* .gnu.linkonce.armextab.*)

.ARM            0x0000000008002654        0x0
                0x0000000008002654                __exidx_start = .
 *(.ARM.exidx*)
                0x0000000008002654                __exidx_end = .

.preinit_array  0x0000000008002654        0x0
                0x0000000008002654                PROVIDE (__preinit_array_start, .)
 *(.preinit_array*)
                0x0000000008002654                PROVIDE (__preinit_array_end, .)

.init_array     0x0000000008002654        0x4
                0x0000000008002654                PROVIDE (__init_array_start, .)
 *(SORT_BY_NAME(.init_array.*))
 *(.init_array*)
 .init_array    0x0000000008002654        0x4 /Applications/Ac6/SystemWorkbench.app/Contents/Eclipse/plugins/fr.ac6.mcu.externaltools.arm-none.macos64_1.16.0.201807130628/tools/compiler/bin/../lib/gcc/arm-none-eabi/7.2.1/thumb/v7-m/crtbegin.o
                0x0000000008002658                PROVIDE (__init_array_end, .)

.fini_array     0x0000000008002658        0x4
                [!provide]                        PROVIDE (__fini_array_start, .)
 *(SORT_BY_NAME(.fini_array.*))
 *(.fini_array*)
 .fini_array    0x0000000008002658        0x4 /Applications/Ac6/SystemWorkbench.app/Contents/Eclipse/plugins/fr.ac6.mcu.externaltools.arm-none.macos64_1.16.0.201807130628/tools/compiler/bin/../lib/gcc/arm-none-eabi/7.2.1/thumb/v7-m/crtbegin.o
                [!provide]                        PROVIDE (__fini_array_end, .)
                0x000000000800265c                _sidata = LOADADDR (.data)

.data           0x0000000020000000       0x50 load address 0x000000000800265c
                0x0000000020000000                . = ALIGN (0x4)
                0x0000000020000000                _sdata = .
 *(.data)
 .data          0x0000000020000000       0x4b Src/main.o
                0x0000000020000000                temperature_in
                0x0000000020000004                temperature_fb
                0x0000000020000008                PELTIER_5
                0x000000002000000a                PELTIER_4
                0x000000002000000c                PELTIER_3
                0x000000002000000e                PELTIER_2
                0x0000000020000010                PELTIER_1
                0x0000000020000012                HEATING
                0x0000000020000014                _PeltierArrayPWM
                0x0000000020000020                PeltierArrayPWM
                0x000000002000002c                temperature_fb_buffer
                0x000000002000003c                temperature_in_buffer
 *fill*         0x000000002000004b        0x1 
 .data          0x000000002000004c        0x4 Src/system_stm32l1xx.o
                0x000000002000004c                SystemCoreClock
 *(.data*)
                0x0000000020000050                . = ALIGN (0x4)
                0x0000000020000050                _edata = .

.igot.plt       0x0000000020000050        0x0 load address 0x00000000080026ac
 .igot.plt      0x0000000020000050        0x0 /Applications/Ac6/SystemWorkbench.app/Contents/Eclipse/plugins/fr.ac6.mcu.externaltools.arm-none.macos64_1.16.0.201807130628/tools/compiler/bin/../lib/gcc/arm-none-eabi/7.2.1/thumb/v7-m/crtbegin.o
                0x0000000020000050                . = ALIGN (0x4)

.bss            0x0000000020000050      0x1b8 load address 0x00000000080026ac
                0x0000000020000050                _sbss = .
                0x0000000020000050                __bss_start__ = _sbss
 *(.bss)
 .bss           0x0000000020000050       0x1c /Applications/Ac6/SystemWorkbench.app/Contents/Eclipse/plugins/fr.ac6.mcu.externaltools.arm-none.macos64_1.16.0.201807130628/tools/compiler/bin/../lib/gcc/arm-none-eabi/7.2.1/thumb/v7-m/crtbegin.o
 .bss           0x000000002000006c       0x21 Src/main.o
                0x000000002000006c                PeltierFlag
                0x0000000020000070                T_errorSum
                0x0000000020000084                tempV
                0x0000000020000085                COOLING
                0x0000000020000086                PeltierArrayHC_now
                0x0000000020000088                PWMduty
                0x0000000020000089                F_pointer
                0x000000002000008a                E_pointer
                0x000000002000008b                T_fb_buffer_pt
                0x000000002000008c                T_in_buffer_pt
 *(.bss*)
 *(COMMON)
 *fill*         0x000000002000008d        0x3 
 COMMON         0x0000000020000090        0x4 Drivers/STM32L1xx_HAL_Driver/Src/stm32l1xx_hal.o
                0x0000000020000090                uwTick
 COMMON         0x0000000020000094       0x98 Src/adc.o
                0x0000000020000094                hdma_adc
                0x00000000200000d8                hadc
 COMMON         0x000000002000012c       0x19 Src/main.o
                0x000000002000012c                temperature_inNfb
                0x0000000020000138                T_fb_avg_data
                0x0000000020000140                T_in_avg_data
 *fill*         0x0000000020000145        0x3 
 COMMON         0x0000000020000148       0xc0 Src/tim.o
                0x0000000020000148                htim5
                0x0000000020000180                hdma_tim5_ch1
                0x00000000200001c4                hdma_tim5_ch2
                0x0000000020000208                . = ALIGN (0x4)
                0x0000000020000208                _ebss = .
                0x0000000020000208                __bss_end__ = _ebss

._user_heap_stack
                0x0000000020000208      0x600 load address 0x00000000080026ac
                0x0000000020000208                . = ALIGN (0x8)
                [!provide]                        PROVIDE (end, .)
                [!provide]                        PROVIDE (_end, .)
                0x0000000020000408                . = (. + _Min_Heap_Size)
 *fill*         0x0000000020000208      0x200 
                0x0000000020000808                . = (. + _Min_Stack_Size)
 *fill*         0x0000000020000408      0x400 
                0x0000000020000808                . = ALIGN (0x8)

/DISCARD/
 libc.a(*)
 libm.a(*)
 libgcc.a(*)

.ARM.attributes
                0x0000000000000000       0x29
 *(.ARM.attributes)
 .ARM.attributes
                0x0000000000000000       0x1d /Applications/Ac6/SystemWorkbench.app/Contents/Eclipse/plugins/fr.ac6.mcu.externaltools.arm-none.macos64_1.16.0.201807130628/tools/compiler/bin/../lib/gcc/arm-none-eabi/7.2.1/thumb/v7-m/crti.o
 .ARM.attributes
                0x000000000000001d       0x2d /Applications/Ac6/SystemWorkbench.app/Contents/Eclipse/plugins/fr.ac6.mcu.externaltools.arm-none.macos64_1.16.0.201807130628/tools/compiler/bin/../lib/gcc/arm-none-eabi/7.2.1/thumb/v7-m/crtbegin.o
 .ARM.attributes
                0x000000000000004a       0x33 Drivers/STM32L1xx_HAL_Driver/Src/stm32l1xx_hal.o
 .ARM.attributes
                0x000000000000007d       0x33 Drivers/STM32L1xx_HAL_Driver/Src/stm32l1xx_hal_adc.o
 .ARM.attributes
                0x00000000000000b0       0x33 Drivers/STM32L1xx_HAL_Driver/Src/stm32l1xx_hal_cortex.o
 .ARM.attributes
                0x00000000000000e3       0x33 Drivers/STM32L1xx_HAL_Driver/Src/stm32l1xx_hal_dma.o
 .ARM.attributes
                0x0000000000000116       0x33 Drivers/STM32L1xx_HAL_Driver/Src/stm32l1xx_hal_gpio.o
 .ARM.attributes
                0x0000000000000149       0x33 Drivers/STM32L1xx_HAL_Driver/Src/stm32l1xx_hal_rcc.o
 .ARM.attributes
                0x000000000000017c       0x33 Drivers/STM32L1xx_HAL_Driver/Src/stm32l1xx_hal_tim.o
 .ARM.attributes
                0x00000000000001af       0x33 Drivers/STM32L1xx_HAL_Driver/Src/stm32l1xx_hal_tim_ex.o
 .ARM.attributes
                0x00000000000001e2       0x33 Src/adc.o
 .ARM.attributes
                0x0000000000000215       0x33 Src/dma.o
 .ARM.attributes
                0x0000000000000248       0x33 Src/gpio.o
 .ARM.attributes
                0x000000000000027b       0x33 Src/main.o
 .ARM.attributes
                0x00000000000002ae       0x33 Src/pwm.o
 .ARM.attributes
                0x00000000000002e1       0x33 Src/stm32l1xx_hal_msp.o
 .ARM.attributes
                0x0000000000000314       0x33 Src/stm32l1xx_it.o
 .ARM.attributes
                0x0000000000000347       0x33 Src/system_stm32l1xx.o
 .ARM.attributes
                0x000000000000037a       0x33 Src/tim.o
 .ARM.attributes
                0x00000000000003ad       0x21 startup/startup_stm32l152xc.o
 .ARM.attributes
                0x00000000000003ce       0x2d /Applications/Ac6/SystemWorkbench.app/Contents/Eclipse/plugins/fr.ac6.mcu.externaltools.arm-none.macos64_1.16.0.201807130628/tools/compiler/bin/../lib/gcc/arm-none-eabi/7.2.1/../../../../arm-none-eabi/lib/thumb/v7-m/libc_nano.a(lib_a-init.o)
 .ARM.attributes
                0x00000000000003fb       0x1d /Applications/Ac6/SystemWorkbench.app/Contents/Eclipse/plugins/fr.ac6.mcu.externaltools.arm-none.macos64_1.16.0.201807130628/tools/compiler/bin/../lib/gcc/arm-none-eabi/7.2.1/thumb/v7-m/crtn.o
OUTPUT(temperatureTest.elf elf32-littlearm)

.debug_info     0x0000000000000000    0x155cc
 .debug_info    0x0000000000000000      0xeca Drivers/STM32L1xx_HAL_Driver/Src/stm32l1xx_hal.o
 .debug_info    0x0000000000000eca     0x18aa Drivers/STM32L1xx_HAL_Driver/Src/stm32l1xx_hal_adc.o
 .debug_info    0x0000000000002774     0x16d8 Drivers/STM32L1xx_HAL_Driver/Src/stm32l1xx_hal_cortex.o
 .debug_info    0x0000000000003e4c     0x1039 Drivers/STM32L1xx_HAL_Driver/Src/stm32l1xx_hal_dma.o
 .debug_info    0x0000000000004e85      0xea7 Drivers/STM32L1xx_HAL_Driver/Src/stm32l1xx_hal_gpio.o
 .debug_info    0x0000000000005d2c     0x1ec3 Drivers/STM32L1xx_HAL_Driver/Src/stm32l1xx_hal_rcc.o
 .debug_info    0x0000000000007bef     0x35a9 Drivers/STM32L1xx_HAL_Driver/Src/stm32l1xx_hal_tim.o
 .debug_info    0x000000000000b198      0xe9c Drivers/STM32L1xx_HAL_Driver/Src/stm32l1xx_hal_tim_ex.o
 .debug_info    0x000000000000c034     0x14a2 Src/adc.o
 .debug_info    0x000000000000d4d6      0xca4 Src/dma.o
 .debug_info    0x000000000000e17a      0xa8e Src/gpio.o
 .debug_info    0x000000000000ec08     0x19aa Src/main.o
 .debug_info    0x00000000000105b2     0x1134 Src/pwm.o
 .debug_info    0x00000000000116e6      0xd11 Src/stm32l1xx_hal_msp.o
 .debug_info    0x00000000000123f7      0xf4d Src/stm32l1xx_it.o
 .debug_info    0x0000000000013344      0xc76 Src/system_stm32l1xx.o
 .debug_info    0x0000000000013fba     0x15f0 Src/tim.o
 .debug_info    0x00000000000155aa       0x22 startup/startup_stm32l152xc.o

.debug_abbrev   0x0000000000000000     0x2c03
 .debug_abbrev  0x0000000000000000      0x2c9 Drivers/STM32L1xx_HAL_Driver/Src/stm32l1xx_hal.o
 .debug_abbrev  0x00000000000002c9      0x32f Drivers/STM32L1xx_HAL_Driver/Src/stm32l1xx_hal_adc.o
 .debug_abbrev  0x00000000000005f8      0x3ba Drivers/STM32L1xx_HAL_Driver/Src/stm32l1xx_hal_cortex.o
 .debug_abbrev  0x00000000000009b2      0x2e5 Drivers/STM32L1xx_HAL_Driver/Src/stm32l1xx_hal_dma.o
 .debug_abbrev  0x0000000000000c97      0x2a7 Drivers/STM32L1xx_HAL_Driver/Src/stm32l1xx_hal_gpio.o
 .debug_abbrev  0x0000000000000f3e      0x352 Drivers/STM32L1xx_HAL_Driver/Src/stm32l1xx_hal_rcc.o
 .debug_abbrev  0x0000000000001290      0x2cf Drivers/STM32L1xx_HAL_Driver/Src/stm32l1xx_hal_tim.o
 .debug_abbrev  0x000000000000155f      0x1fc Drivers/STM32L1xx_HAL_Driver/Src/stm32l1xx_hal_tim_ex.o
 .debug_abbrev  0x000000000000175b      0x274 Src/adc.o
 .debug_abbrev  0x00000000000019cf      0x234 Src/dma.o
 .debug_abbrev  0x0000000000001c03      0x1e3 Src/gpio.o
 .debug_abbrev  0x0000000000001de6      0x2ae Src/main.o
 .debug_abbrev  0x0000000000002094      0x297 Src/pwm.o
 .debug_abbrev  0x000000000000232b      0x234 Src/stm32l1xx_hal_msp.o
 .debug_abbrev  0x000000000000255f      0x210 Src/stm32l1xx_it.o
 .debug_abbrev  0x000000000000276f      0x205 Src/system_stm32l1xx.o
 .debug_abbrev  0x0000000000002974      0x27d Src/tim.o
 .debug_abbrev  0x0000000000002bf1       0x12 startup/startup_stm32l152xc.o

.debug_loc      0x0000000000000000     0x60c3
 .debug_loc     0x0000000000000000       0x6a Drivers/STM32L1xx_HAL_Driver/Src/stm32l1xx_hal.o
 .debug_loc     0x000000000000006a      0x8a1 Drivers/STM32L1xx_HAL_Driver/Src/stm32l1xx_hal_adc.o
 .debug_loc     0x000000000000090b      0x5ce Drivers/STM32L1xx_HAL_Driver/Src/stm32l1xx_hal_cortex.o
 .debug_loc     0x0000000000000ed9      0x7aa Drivers/STM32L1xx_HAL_Driver/Src/stm32l1xx_hal_dma.o
 .debug_loc     0x0000000000001683      0x38d Drivers/STM32L1xx_HAL_Driver/Src/stm32l1xx_hal_gpio.o
 .debug_loc     0x0000000000001a10      0xb22 Drivers/STM32L1xx_HAL_Driver/Src/stm32l1xx_hal_rcc.o
 .debug_loc     0x0000000000002532     0x3550 Drivers/STM32L1xx_HAL_Driver/Src/stm32l1xx_hal_tim.o
 .debug_loc     0x0000000000005a82       0xa0 Drivers/STM32L1xx_HAL_Driver/Src/stm32l1xx_hal_tim_ex.o
 .debug_loc     0x0000000000005b22       0x4a Src/adc.o
 .debug_loc     0x0000000000005b6c       0x3a Src/main.o
 .debug_loc     0x0000000000005ba6      0x323 Src/pwm.o
 .debug_loc     0x0000000000005ec9      0x18f Src/system_stm32l1xx.o
 .debug_loc     0x0000000000006058       0x6b Src/tim.o

.debug_aranges  0x0000000000000000      0x958
 .debug_aranges
                0x0000000000000000       0xb0 Drivers/STM32L1xx_HAL_Driver/Src/stm32l1xx_hal.o
 .debug_aranges
                0x00000000000000b0       0xf0 Drivers/STM32L1xx_HAL_Driver/Src/stm32l1xx_hal_adc.o
 .debug_aranges
                0x00000000000001a0       0xa8 Drivers/STM32L1xx_HAL_Driver/Src/stm32l1xx_hal_cortex.o
 .debug_aranges
                0x0000000000000248       0x80 Drivers/STM32L1xx_HAL_Driver/Src/stm32l1xx_hal_dma.o
 .debug_aranges
                0x00000000000002c8       0x58 Drivers/STM32L1xx_HAL_Driver/Src/stm32l1xx_hal_gpio.o
 .debug_aranges
                0x0000000000000320       0x90 Drivers/STM32L1xx_HAL_Driver/Src/stm32l1xx_hal_rcc.o
 .debug_aranges
                0x00000000000003b0      0x368 Drivers/STM32L1xx_HAL_Driver/Src/stm32l1xx_hal_tim.o
 .debug_aranges
                0x0000000000000718       0x28 Drivers/STM32L1xx_HAL_Driver/Src/stm32l1xx_hal_tim_ex.o
 .debug_aranges
                0x0000000000000740       0x30 Src/adc.o
 .debug_aranges
                0x0000000000000770       0x20 Src/dma.o
 .debug_aranges
                0x0000000000000790       0x20 Src/gpio.o
 .debug_aranges
                0x00000000000007b0       0x40 Src/main.o
 .debug_aranges
                0x00000000000007f0       0x40 Src/pwm.o
 .debug_aranges
                0x0000000000000830       0x20 Src/stm32l1xx_hal_msp.o
 .debug_aranges
                0x0000000000000850       0x80 Src/stm32l1xx_it.o
 .debug_aranges
                0x00000000000008d0       0x28 Src/system_stm32l1xx.o
 .debug_aranges
                0x00000000000008f8       0x38 Src/tim.o
 .debug_aranges
                0x0000000000000930       0x28 startup/startup_stm32l152xc.o

.debug_ranges   0x0000000000000000      0x8f0
 .debug_ranges  0x0000000000000000       0xa0 Drivers/STM32L1xx_HAL_Driver/Src/stm32l1xx_hal.o
 .debug_ranges  0x00000000000000a0       0xe0 Drivers/STM32L1xx_HAL_Driver/Src/stm32l1xx_hal_adc.o
 .debug_ranges  0x0000000000000180       0xf8 Drivers/STM32L1xx_HAL_Driver/Src/stm32l1xx_hal_cortex.o
 .debug_ranges  0x0000000000000278       0x70 Drivers/STM32L1xx_HAL_Driver/Src/stm32l1xx_hal_dma.o
 .debug_ranges  0x00000000000002e8       0x48 Drivers/STM32L1xx_HAL_Driver/Src/stm32l1xx_hal_gpio.o
 .debug_ranges  0x0000000000000330       0x98 Drivers/STM32L1xx_HAL_Driver/Src/stm32l1xx_hal_rcc.o
 .debug_ranges  0x00000000000003c8      0x358 Drivers/STM32L1xx_HAL_Driver/Src/stm32l1xx_hal_tim.o
 .debug_ranges  0x0000000000000720       0x18 Drivers/STM32L1xx_HAL_Driver/Src/stm32l1xx_hal_tim_ex.o
 .debug_ranges  0x0000000000000738       0x20 Src/adc.o
 .debug_ranges  0x0000000000000758       0x10 Src/dma.o
 .debug_ranges  0x0000000000000768       0x10 Src/gpio.o
 .debug_ranges  0x0000000000000778       0x30 Src/main.o
 .debug_ranges  0x00000000000007a8       0x68 Src/pwm.o
 .debug_ranges  0x0000000000000810       0x10 Src/stm32l1xx_hal_msp.o
 .debug_ranges  0x0000000000000820       0x70 Src/stm32l1xx_it.o
 .debug_ranges  0x0000000000000890       0x18 Src/system_stm32l1xx.o
 .debug_ranges  0x00000000000008a8       0x28 Src/tim.o
 .debug_ranges  0x00000000000008d0       0x20 startup/startup_stm32l152xc.o

.debug_macro    0x0000000000000000    0x181ce
 .debug_macro   0x0000000000000000      0x327 Drivers/STM32L1xx_HAL_Driver/Src/stm32l1xx_hal.o
 .debug_macro   0x0000000000000327      0xa60 Drivers/STM32L1xx_HAL_Driver/Src/stm32l1xx_hal.o
 .debug_macro   0x0000000000000d87       0x22 Drivers/STM32L1xx_HAL_Driver/Src/stm32l1xx_hal.o
 .debug_macro   0x0000000000000da9       0x87 Drivers/STM32L1xx_HAL_Driver/Src/stm32l1xx_hal.o
 .debug_macro   0x0000000000000e30       0x51 Drivers/STM32L1xx_HAL_Driver/Src/stm32l1xx_hal.o
 .debug_macro   0x0000000000000e81       0xef Drivers/STM32L1xx_HAL_Driver/Src/stm32l1xx_hal.o
 .debug_macro   0x0000000000000f70       0x6a Drivers/STM32L1xx_HAL_Driver/Src/stm32l1xx_hal.o
 .debug_macro   0x0000000000000fda      0x1df Drivers/STM32L1xx_HAL_Driver/Src/stm32l1xx_hal.o
 .debug_macro   0x00000000000011b9       0x88 Drivers/STM32L1xx_HAL_Driver/Src/stm32l1xx_hal.o
 .debug_macro   0x0000000000001241       0x2e Drivers/STM32L1xx_HAL_Driver/Src/stm32l1xx_hal.o
 .debug_macro   0x000000000000126f       0x22 Drivers/STM32L1xx_HAL_Driver/Src/stm32l1xx_hal.o
 .debug_macro   0x0000000000001291       0x3a Drivers/STM32L1xx_HAL_Driver/Src/stm32l1xx_hal.o
 .debug_macro   0x00000000000012cb       0x34 Drivers/STM32L1xx_HAL_Driver/Src/stm32l1xx_hal.o
 .debug_macro   0x00000000000012ff      0xcb4 Drivers/STM32L1xx_HAL_Driver/Src/stm32l1xx_hal.o
 .debug_macro   0x0000000000001fb3     0xbb91 Drivers/STM32L1xx_HAL_Driver/Src/stm32l1xx_hal.o
 .debug_macro   0x000000000000db44       0x43 Drivers/STM32L1xx_HAL_Driver/Src/stm32l1xx_hal.o
 .debug_macro   0x000000000000db87     0x342b Drivers/STM32L1xx_HAL_Driver/Src/stm32l1xx_hal.o
 .debug_macro   0x0000000000010fb2       0x58 Drivers/STM32L1xx_HAL_Driver/Src/stm32l1xx_hal.o
 .debug_macro   0x000000000001100a       0x17 Drivers/STM32L1xx_HAL_Driver/Src/stm32l1xx_hal.o
 .debug_macro   0x0000000000011021       0x35 Drivers/STM32L1xx_HAL_Driver/Src/stm32l1xx_hal.o
 .debug_macro   0x0000000000011056       0x9c Drivers/STM32L1xx_HAL_Driver/Src/stm32l1xx_hal.o
 .debug_macro   0x00000000000110f2       0x16 Drivers/STM32L1xx_HAL_Driver/Src/stm32l1xx_hal.o
 .debug_macro   0x0000000000011108       0x97 Drivers/STM32L1xx_HAL_Driver/Src/stm32l1xx_hal.o
 .debug_macro   0x000000000001119f      0x330 Drivers/STM32L1xx_HAL_Driver/Src/stm32l1xx_hal.o
 .debug_macro   0x00000000000114cf       0xfd Drivers/STM32L1xx_HAL_Driver/Src/stm32l1xx_hal.o
 .debug_macro   0x00000000000115cc       0x10 Drivers/STM32L1xx_HAL_Driver/Src/stm32l1xx_hal.o
 .debug_macro   0x00000000000115dc       0x58 Drivers/STM32L1xx_HAL_Driver/Src/stm32l1xx_hal.o
 .debug_macro   0x0000000000011634       0x1f Drivers/STM32L1xx_HAL_Driver/Src/stm32l1xx_hal.o
 .debug_macro   0x0000000000011653       0x43 Drivers/STM32L1xx_HAL_Driver/Src/stm32l1xx_hal.o
 .debug_macro   0x0000000000011696       0x20 Drivers/STM32L1xx_HAL_Driver/Src/stm32l1xx_hal.o
 .debug_macro   0x00000000000116b6      0x18e Drivers/STM32L1xx_HAL_Driver/Src/stm32l1xx_hal.o
 .debug_macro   0x0000000000011844       0x10 Drivers/STM32L1xx_HAL_Driver/Src/stm32l1xx_hal.o
 .debug_macro   0x0000000000011854       0x1c Drivers/STM32L1xx_HAL_Driver/Src/stm32l1xx_hal.o
 .debug_macro   0x0000000000011870       0x52 Drivers/STM32L1xx_HAL_Driver/Src/stm32l1xx_hal.o
 .debug_macro   0x00000000000118c2       0x40 Drivers/STM32L1xx_HAL_Driver/Src/stm32l1xx_hal.o
 .debug_macro   0x0000000000011902       0x10 Drivers/STM32L1xx_HAL_Driver/Src/stm32l1xx_hal.o
 .debug_macro   0x0000000000011912       0x40 Drivers/STM32L1xx_HAL_Driver/Src/stm32l1xx_hal.o
 .debug_macro   0x0000000000011952       0xd7 Drivers/STM32L1xx_HAL_Driver/Src/stm32l1xx_hal.o
 .debug_macro   0x0000000000011a29       0x1c Drivers/STM32L1xx_HAL_Driver/Src/stm32l1xx_hal.o
 .debug_macro   0x0000000000011a45       0x3d Drivers/STM32L1xx_HAL_Driver/Src/stm32l1xx_hal.o
 .debug_macro   0x0000000000011a82       0x16 Drivers/STM32L1xx_HAL_Driver/Src/stm32l1xx_hal.o
 .debug_macro   0x0000000000011a98      0x16f Drivers/STM32L1xx_HAL_Driver/Src/stm32l1xx_hal.o
 .debug_macro   0x0000000000011c07       0x50 Drivers/STM32L1xx_HAL_Driver/Src/stm32l1xx_hal.o
 .debug_macro   0x0000000000011c57      0xe3e Drivers/STM32L1xx_HAL_Driver/Src/stm32l1xx_hal.o
 .debug_macro   0x0000000000012a95      0x24b Drivers/STM32L1xx_HAL_Driver/Src/stm32l1xx_hal.o
 .debug_macro   0x0000000000012ce0      0x141 Drivers/STM32L1xx_HAL_Driver/Src/stm32l1xx_hal.o
 .debug_macro   0x0000000000012e21       0xba Drivers/STM32L1xx_HAL_Driver/Src/stm32l1xx_hal.o
 .debug_macro   0x0000000000012edb      0x25d Drivers/STM32L1xx_HAL_Driver/Src/stm32l1xx_hal.o
 .debug_macro   0x0000000000013138      0x23a Drivers/STM32L1xx_HAL_Driver/Src/stm32l1xx_hal.o
 .debug_macro   0x0000000000013372      0x64d Drivers/STM32L1xx_HAL_Driver/Src/stm32l1xx_hal.o
 .debug_macro   0x00000000000139bf      0x16f Drivers/STM32L1xx_HAL_Driver/Src/stm32l1xx_hal.o
 .debug_macro   0x0000000000013b2e      0x11a Drivers/STM32L1xx_HAL_Driver/Src/stm32l1xx_hal.o
 .debug_macro   0x0000000000013c48      0x573 Drivers/STM32L1xx_HAL_Driver/Src/stm32l1xx_hal.o
 .debug_macro   0x00000000000141bb      0x1ed Drivers/STM32L1xx_HAL_Driver/Src/stm32l1xx_hal.o
 .debug_macro   0x00000000000143a8       0x22 Drivers/STM32L1xx_HAL_Driver/Src/stm32l1xx_hal.o
 .debug_macro   0x00000000000143ca      0x757 Drivers/STM32L1xx_HAL_Driver/Src/stm32l1xx_hal.o
 .debug_macro   0x0000000000014b21       0xac Drivers/STM32L1xx_HAL_Driver/Src/stm32l1xx_hal.o
 .debug_macro   0x0000000000014bcd      0x3dd Drivers/STM32L1xx_HAL_Driver/Src/stm32l1xx_hal.o
 .debug_macro   0x0000000000014faa      0x320 Drivers/STM32L1xx_HAL_Driver/Src/stm32l1xx_hal_adc.o
 .debug_macro   0x00000000000152ca      0x303 Drivers/STM32L1xx_HAL_Driver/Src/stm32l1xx_hal_cortex.o
 .debug_macro   0x00000000000155cd      0x303 Drivers/STM32L1xx_HAL_Driver/Src/stm32l1xx_hal_dma.o
 .debug_macro   0x00000000000158d0      0x33c Drivers/STM32L1xx_HAL_Driver/Src/stm32l1xx_hal_gpio.o
 .debug_macro   0x0000000000015c0c      0x33f Drivers/STM32L1xx_HAL_Driver/Src/stm32l1xx_hal_rcc.o
 .debug_macro   0x0000000000015f4b      0x304 Drivers/STM32L1xx_HAL_Driver/Src/stm32l1xx_hal_tim.o
 .debug_macro   0x000000000001624f      0x303 Drivers/STM32L1xx_HAL_Driver/Src/stm32l1xx_hal_tim_ex.o
 .debug_macro   0x0000000000016552      0x321 Src/adc.o
 .debug_macro   0x0000000000016873      0x30d Src/dma.o
 .debug_macro   0x0000000000016b80      0x30d Src/gpio.o
 .debug_macro   0x0000000000016e8d      0x338 Src/main.o
 .debug_macro   0x00000000000171c5       0x40 Src/main.o
 .debug_macro   0x0000000000017205      0x31c Src/pwm.o
 .debug_macro   0x0000000000017521       0x3a Src/pwm.o
 .debug_macro   0x000000000001755b      0x303 Src/stm32l1xx_hal_msp.o
 .debug_macro   0x000000000001785e      0x30d Src/stm32l1xx_it.o
 .debug_macro   0x0000000000017b6b      0x308 Src/system_stm32l1xx.o
 .debug_macro   0x0000000000017e73       0x34 Src/system_stm32l1xx.o
 .debug_macro   0x0000000000017ea7       0x10 Src/system_stm32l1xx.o
 .debug_macro   0x0000000000017eb7      0x317 Src/tim.o

.debug_line     0x0000000000000000     0xbe30
 .debug_line    0x0000000000000000      0xa5e Drivers/STM32L1xx_HAL_Driver/Src/stm32l1xx_hal.o
 .debug_line    0x0000000000000a5e      0xdd1 Drivers/STM32L1xx_HAL_Driver/Src/stm32l1xx_hal_adc.o
 .debug_line    0x000000000000182f      0xb3a Drivers/STM32L1xx_HAL_Driver/Src/stm32l1xx_hal_cortex.o
 .debug_line    0x0000000000002369      0xb53 Drivers/STM32L1xx_HAL_Driver/Src/stm32l1xx_hal_dma.o
 .debug_line    0x0000000000002ebc      0xa64 Drivers/STM32L1xx_HAL_Driver/Src/stm32l1xx_hal_gpio.o
 .debug_line    0x0000000000003920      0xf0b Drivers/STM32L1xx_HAL_Driver/Src/stm32l1xx_hal_rcc.o
 .debug_line    0x000000000000482b     0x17bb Drivers/STM32L1xx_HAL_Driver/Src/stm32l1xx_hal_tim.o
 .debug_line    0x0000000000005fe6      0x97f Drivers/STM32L1xx_HAL_Driver/Src/stm32l1xx_hal_tim_ex.o
 .debug_line    0x0000000000006965      0x99f Src/adc.o
 .debug_line    0x0000000000007304      0x8f7 Src/dma.o
 .debug_line    0x0000000000007bfb      0x8f4 Src/gpio.o
 .debug_line    0x00000000000084ef      0x98b Src/main.o
 .debug_line    0x0000000000008e7a      0x9cd Src/pwm.o
 .debug_line    0x0000000000009847      0x8ff Src/stm32l1xx_hal_msp.o
 .debug_line    0x000000000000a146      0x9cf Src/stm32l1xx_it.o
 .debug_line    0x000000000000ab15      0x927 Src/system_stm32l1xx.o
 .debug_line    0x000000000000b43c      0x977 Src/tim.o
 .debug_line    0x000000000000bdb3       0x7d startup/startup_stm32l152xc.o

.debug_str      0x0000000000000000    0x8c86a
 .debug_str     0x0000000000000000    0x89ef0 Drivers/STM32L1xx_HAL_Driver/Src/stm32l1xx_hal.o
                                      0x8a288 (size before relaxing)
 .debug_str     0x0000000000089ef0      0x706 Drivers/STM32L1xx_HAL_Driver/Src/stm32l1xx_hal_adc.o
                                      0x8a369 (size before relaxing)
 .debug_str     0x000000000008a5f6      0x3d8 Drivers/STM32L1xx_HAL_Driver/Src/stm32l1xx_hal_cortex.o
                                      0x8a3d3 (size before relaxing)
 .debug_str     0x000000000008a9ce      0x216 Drivers/STM32L1xx_HAL_Driver/Src/stm32l1xx_hal_dma.o
                                      0x89f8c (size before relaxing)
 .debug_str     0x000000000008abe4      0x28e Drivers/STM32L1xx_HAL_Driver/Src/stm32l1xx_hal_gpio.o
                                      0x89e6c (size before relaxing)
 .debug_str     0x000000000008ae72      0x540 Drivers/STM32L1xx_HAL_Driver/Src/stm32l1xx_hal_rcc.o
                                      0x8a1e3 (size before relaxing)
 .debug_str     0x000000000008b3b2      0xe2a Drivers/STM32L1xx_HAL_Driver/Src/stm32l1xx_hal_tim.o
                                      0x8ac62 (size before relaxing)
 .debug_str     0x000000000008c1dc       0xc7 Drivers/STM32L1xx_HAL_Driver/Src/stm32l1xx_hal_tim_ex.o
                                      0x89fb1 (size before relaxing)
 .debug_str     0x000000000008c2a3       0x67 Src/adc.o
                                      0x8a0c2 (size before relaxing)
 .debug_str     0x000000000008c30a       0x19 Src/dma.o
                                      0x89f0b (size before relaxing)
 .debug_str     0x000000000008c323       0x1b Src/gpio.o
                                      0x89b9f (size before relaxing)
 .debug_str     0x000000000008c33e      0x207 Src/main.o
                                      0x8a8ce (size before relaxing)
 .debug_str     0x000000000008c545       0xb8 Src/pwm.o
                                      0x8a0a0 (size before relaxing)
 .debug_str     0x000000000008c5fd       0x1b Src/stm32l1xx_hal_msp.o
                                      0x89f1a (size before relaxing)
 .debug_str     0x000000000008c618      0x12f Src/stm32l1xx_it.o
                                      0x8a034 (size before relaxing)
 .debug_str     0x000000000008c747       0x72 Src/system_stm32l1xx.o
                                      0x89c43 (size before relaxing)
 .debug_str     0x000000000008c7b9       0x44 Src/tim.o
                                      0x8a590 (size before relaxing)
 .debug_str     0x000000000008c7fd       0x6d startup/startup_stm32l152xc.o

.comment        0x0000000000000000       0x7e
 .comment       0x0000000000000000       0x7e Drivers/STM32L1xx_HAL_Driver/Src/stm32l1xx_hal.o
                                         0x7f (size before relaxing)
 .comment       0x000000000000007e       0x7f Drivers/STM32L1xx_HAL_Driver/Src/stm32l1xx_hal_adc.o
 .comment       0x000000000000007e       0x7f Drivers/STM32L1xx_HAL_Driver/Src/stm32l1xx_hal_cortex.o
 .comment       0x000000000000007e       0x7f Drivers/STM32L1xx_HAL_Driver/Src/stm32l1xx_hal_dma.o
 .comment       0x000000000000007e       0x7f Drivers/STM32L1xx_HAL_Driver/Src/stm32l1xx_hal_gpio.o
 .comment       0x000000000000007e       0x7f Drivers/STM32L1xx_HAL_Driver/Src/stm32l1xx_hal_rcc.o
 .comment       0x000000000000007e       0x7f Drivers/STM32L1xx_HAL_Driver/Src/stm32l1xx_hal_tim.o
 .comment       0x000000000000007e       0x7f Drivers/STM32L1xx_HAL_Driver/Src/stm32l1xx_hal_tim_ex.o
 .comment       0x000000000000007e       0x7f Src/adc.o
 .comment       0x000000000000007e       0x7f Src/dma.o
 .comment       0x000000000000007e       0x7f Src/gpio.o
 .comment       0x000000000000007e       0x7f Src/main.o
 .comment       0x000000000000007e       0x7f Src/pwm.o
 .comment       0x000000000000007e       0x7f Src/stm32l1xx_hal_msp.o
 .comment       0x000000000000007e       0x7f Src/stm32l1xx_it.o
 .comment       0x000000000000007e       0x7f Src/system_stm32l1xx.o
 .comment       0x000000000000007e       0x7f Src/tim.o

.debug_frame    0x0000000000000000     0x172c
 .debug_frame   0x0000000000000000      0x168 Drivers/STM32L1xx_HAL_Driver/Src/stm32l1xx_hal.o
 .debug_frame   0x0000000000000168      0x2d8 Drivers/STM32L1xx_HAL_Driver/Src/stm32l1xx_hal_adc.o
 .debug_frame   0x0000000000000440      0x15c Drivers/STM32L1xx_HAL_Driver/Src/stm32l1xx_hal_cortex.o
 .debug_frame   0x000000000000059c      0x154 Drivers/STM32L1xx_HAL_Driver/Src/stm32l1xx_hal_dma.o
 .debug_frame   0x00000000000006f0       0xec Drivers/STM32L1xx_HAL_Driver/Src/stm32l1xx_hal_gpio.o
 .debug_frame   0x00000000000007dc      0x168 Drivers/STM32L1xx_HAL_Driver/Src/stm32l1xx_hal_rcc.o
 .debug_frame   0x0000000000000944      0x9c8 Drivers/STM32L1xx_HAL_Driver/Src/stm32l1xx_hal_tim.o
 .debug_frame   0x000000000000130c       0x3c Drivers/STM32L1xx_HAL_Driver/Src/stm32l1xx_hal_tim_ex.o
 .debug_frame   0x0000000000001348       0x6c Src/adc.o
 .debug_frame   0x00000000000013b4       0x2c Src/dma.o
 .debug_frame   0x00000000000013e0       0x28 Src/gpio.o
 .debug_frame   0x0000000000001408       0x78 Src/main.o
 .debug_frame   0x0000000000001480       0x94 Src/pwm.o
 .debug_frame   0x0000000000001514       0x2c Src/stm32l1xx_hal_msp.o
 .debug_frame   0x0000000000001540      0x108 Src/stm32l1xx_it.o
 .debug_frame   0x0000000000001648       0x30 Src/system_stm32l1xx.o
 .debug_frame   0x0000000000001678       0x88 Src/tim.o
 .debug_frame   0x0000000000001700       0x2c /Applications/Ac6/SystemWorkbench.app/Contents/Eclipse/plugins/fr.ac6.mcu.externaltools.arm-none.macos64_1.16.0.201807130628/tools/compiler/bin/../lib/gcc/arm-none-eabi/7.2.1/../../../../arm-none-eabi/lib/thumb/v7-m/libc_nano.a(lib_a-init.o)
