Archive member included to satisfy reference by file (symbol)

/Applications/Ac6/SystemWorkbench.app/Contents/Eclipse/plugins/fr.ac6.mcu.externaltools.arm-none.macos64_1.16.0.201807130628/tools/compiler/bin/../lib/gcc/arm-none-eabi/7.2.1/../../../../arm-none-eabi/lib/thumb/v7-m/libc_nano.a(lib_a-exit.o)
                              /Applications/Ac6/SystemWorkbench.app/Contents/Eclipse/plugins/fr.ac6.mcu.externaltools.arm-none.macos64_1.16.0.201807130628/tools/compiler/bin/../lib/gcc/arm-none-eabi/7.2.1/../../../../arm-none-eabi/lib/thumb/v7-m/crt0.o (exit)
/Applications/Ac6/SystemWorkbench.app/Contents/Eclipse/plugins/fr.ac6.mcu.externaltools.arm-none.macos64_1.16.0.201807130628/tools/compiler/bin/../lib/gcc/arm-none-eabi/7.2.1/../../../../arm-none-eabi/lib/thumb/v7-m/libc_nano.a(lib_a-impure.o)
                              /Applications/Ac6/SystemWorkbench.app/Contents/Eclipse/plugins/fr.ac6.mcu.externaltools.arm-none.macos64_1.16.0.201807130628/tools/compiler/bin/../lib/gcc/arm-none-eabi/7.2.1/../../../../arm-none-eabi/lib/thumb/v7-m/libc_nano.a(lib_a-exit.o) (_global_impure_ptr)
/Applications/Ac6/SystemWorkbench.app/Contents/Eclipse/plugins/fr.ac6.mcu.externaltools.arm-none.macos64_1.16.0.201807130628/tools/compiler/bin/../lib/gcc/arm-none-eabi/7.2.1/../../../../arm-none-eabi/lib/thumb/v7-m/libc_nano.a(lib_a-init.o)
                              /Applications/Ac6/SystemWorkbench.app/Contents/Eclipse/plugins/fr.ac6.mcu.externaltools.arm-none.macos64_1.16.0.201807130628/tools/compiler/bin/../lib/gcc/arm-none-eabi/7.2.1/../../../../arm-none-eabi/lib/thumb/v7-m/crt0.o (__libc_init_array)
/Applications/Ac6/SystemWorkbench.app/Contents/Eclipse/plugins/fr.ac6.mcu.externaltools.arm-none.macos64_1.16.0.201807130628/tools/compiler/bin/../lib/gcc/arm-none-eabi/7.2.1/../../../../arm-none-eabi/lib/thumb/v7-m/libc_nano.a(lib_a-memset.o)
                              /Applications/Ac6/SystemWorkbench.app/Contents/Eclipse/plugins/fr.ac6.mcu.externaltools.arm-none.macos64_1.16.0.201807130628/tools/compiler/bin/../lib/gcc/arm-none-eabi/7.2.1/../../../../arm-none-eabi/lib/thumb/v7-m/crt0.o (memset)
/Applications/Ac6/SystemWorkbench.app/Contents/Eclipse/plugins/fr.ac6.mcu.externaltools.arm-none.macos64_1.16.0.201807130628/tools/compiler/bin/../lib/gcc/arm-none-eabi/7.2.1/../../../../arm-none-eabi/lib/thumb/v7-m/libnosys.a(_exit.o)
                              /Applications/Ac6/SystemWorkbench.app/Contents/Eclipse/plugins/fr.ac6.mcu.externaltools.arm-none.macos64_1.16.0.201807130628/tools/compiler/bin/../lib/gcc/arm-none-eabi/7.2.1/../../../../arm-none-eabi/lib/thumb/v7-m/libc_nano.a(lib_a-exit.o) (_exit)

Allocating common symbols
Common symbol       size              file

uwTick              0x4               Drivers/STM32L1xx_HAL_Driver/Src/stm32l1xx_hal.o
temperature         0xa               Src/main.o
pFlash              0x18              Drivers/STM32L1xx_HAL_Driver/Src/stm32l1xx_hal_flash.o
htim5               0x38              Src/tim.o
hdma_tim5_ch1       0x44              Src/tim.o
hdma_tim5_ch2       0x44              Src/tim.o
hdma_adc            0x44              Src/adc.o
hadc                0x54              Src/adc.o

Discarded input sections

 .text          0x0000000000000000        0x0 /Applications/Ac6/SystemWorkbench.app/Contents/Eclipse/plugins/fr.ac6.mcu.externaltools.arm-none.macos64_1.16.0.201807130628/tools/compiler/bin/../lib/gcc/arm-none-eabi/7.2.1/thumb/v7-m/crti.o
 .data          0x0000000000000000        0x0 /Applications/Ac6/SystemWorkbench.app/Contents/Eclipse/plugins/fr.ac6.mcu.externaltools.arm-none.macos64_1.16.0.201807130628/tools/compiler/bin/../lib/gcc/arm-none-eabi/7.2.1/thumb/v7-m/crti.o
 .bss           0x0000000000000000        0x0 /Applications/Ac6/SystemWorkbench.app/Contents/Eclipse/plugins/fr.ac6.mcu.externaltools.arm-none.macos64_1.16.0.201807130628/tools/compiler/bin/../lib/gcc/arm-none-eabi/7.2.1/thumb/v7-m/crti.o
 .data          0x0000000000000000        0x4 /Applications/Ac6/SystemWorkbench.app/Contents/Eclipse/plugins/fr.ac6.mcu.externaltools.arm-none.macos64_1.16.0.201807130628/tools/compiler/bin/../lib/gcc/arm-none-eabi/7.2.1/thumb/v7-m/crtbegin.o
 .text          0x0000000000000000       0x74 /Applications/Ac6/SystemWorkbench.app/Contents/Eclipse/plugins/fr.ac6.mcu.externaltools.arm-none.macos64_1.16.0.201807130628/tools/compiler/bin/../lib/gcc/arm-none-eabi/7.2.1/../../../../arm-none-eabi/lib/thumb/v7-m/crt0.o
 .data          0x0000000000000000        0x0 /Applications/Ac6/SystemWorkbench.app/Contents/Eclipse/plugins/fr.ac6.mcu.externaltools.arm-none.macos64_1.16.0.201807130628/tools/compiler/bin/../lib/gcc/arm-none-eabi/7.2.1/../../../../arm-none-eabi/lib/thumb/v7-m/crt0.o
 .bss           0x0000000000000000        0x0 /Applications/Ac6/SystemWorkbench.app/Contents/Eclipse/plugins/fr.ac6.mcu.externaltools.arm-none.macos64_1.16.0.201807130628/tools/compiler/bin/../lib/gcc/arm-none-eabi/7.2.1/../../../../arm-none-eabi/lib/thumb/v7-m/crt0.o
[...]
Memory Configuration

Name             Origin             Length             Attributes
RAM              0x0000000020000000 0x0000000000008000 xrw
FLASH            0x0000000008000000 0x0000000000040000 xr
*default*        0x0000000000000000 0xffffffffffffffff

Linker script and memory map

LOAD /Applications/Ac6/SystemWorkbench.app/Contents/Eclipse/plugins/fr.ac6.mcu.externaltools.arm-none.macos64_1.16.0.201807130628/tools/compiler/bin/../lib/gcc/arm-none-eabi/7.2.1/thumb/v7-m/crti.o
LOAD /Applications/Ac6/SystemWorkbench.app/Contents/Eclipse/plugins/fr.ac6.mcu.externaltools.arm-none.macos64_1.16.0.201807130628/tools/compiler/bin/../lib/gcc/arm-none-eabi/7.2.1/thumb/v7-m/crtbegin.o
LOAD /Applications/Ac6/SystemWorkbench.app/Contents/Eclipse/plugins/fr.ac6.mcu.externaltools.arm-none.macos64_1.16.0.201807130628/tools/compiler/bin/../lib/gcc/arm-none-eabi/7.2.1/../../../../arm-none-eabi/lib/thumb/v7-m/crt0.o
LOAD Drivers/STM32L1xx_HAL_Driver/Src/stm32l1xx_hal.o
LOAD Drivers/STM32L1xx_HAL_Driver/Src/stm32l1xx_hal_adc.o
LOAD Drivers/STM32L1xx_HAL_Driver/Src/stm32l1xx_hal_adc_ex.o
LOAD Drivers/STM32L1xx_HAL_Driver/Src/stm32l1xx_hal_cortex.o
LOAD Drivers/STM32L1xx_HAL_Driver/Src/stm32l1xx_hal_dma.o
LOAD Drivers/STM32L1xx_HAL_Driver/Src/stm32l1xx_hal_flash.o
LOAD Drivers/STM32L1xx_HAL_Driver/Src/stm32l1xx_hal_flash_ex.o
LOAD Drivers/STM32L1xx_HAL_Driver/Src/stm32l1xx_hal_flash_ramfunc.o
LOAD Drivers/STM32L1xx_HAL_Driver/Src/stm32l1xx_hal_gpio.o
LOAD Drivers/STM32L1xx_HAL_Driver/Src/stm32l1xx_hal_pwr.o
LOAD Drivers/STM32L1xx_HAL_Driver/Src/stm32l1xx_hal_pwr_ex.o
LOAD Drivers/STM32L1xx_HAL_Driver/Src/stm32l1xx_hal_rcc.o
LOAD Drivers/STM32L1xx_HAL_Driver/Src/stm32l1xx_hal_rcc_ex.o
LOAD Drivers/STM32L1xx_HAL_Driver/Src/stm32l1xx_hal_tim.o
LOAD Drivers/STM32L1xx_HAL_Driver/Src/stm32l1xx_hal_tim_ex.o
LOAD Src/adc.o
LOAD Src/dma.o
LOAD Src/gpio.o
LOAD Src/main.o
LOAD Src/pwm.o
LOAD Src/stm32l1xx_hal_msp.o
LOAD Src/stm32l1xx_it.o
LOAD Src/system_stm32l1xx.o
LOAD Src/tim.o
LOAD startup/startup_stm32l152xc.o
LOAD /Applications/Ac6/SystemWorkbench.app/Contents/Eclipse/plugins/fr.ac6.mcu.externaltools.arm-none.macos64_1.16.0.201807130628/tools/compiler/bin/../lib/gcc/arm-none-eabi/7.2.1/../../../../arm-none-eabi/lib/thumb/v7-m/libm.a
START GROUP
LOAD /Applications/Ac6/SystemWorkbench.app/Contents/Eclipse/plugins/fr.ac6.mcu.externaltools.arm-none.macos64_1.16.0.201807130628/tools/compiler/bin/../lib/gcc/arm-none-eabi/7.2.1/thumb/v7-m/libgcc.a
LOAD /Applications/Ac6/SystemWorkbench.app/Contents/Eclipse/plugins/fr.ac6.mcu.externaltools.arm-none.macos64_1.16.0.201807130628/tools/compiler/bin/../lib/gcc/arm-none-eabi/7.2.1/../../../../arm-none-eabi/lib/thumb/v7-m/libc_nano.a
END GROUP
START GROUP
LOAD /Applications/Ac6/SystemWorkbench.app/Contents/Eclipse/plugins/fr.ac6.mcu.externaltools.arm-none.macos64_1.16.0.201807130628/tools/compiler/bin/../lib/gcc/arm-none-eabi/7.2.1/thumb/v7-m/libgcc.a
LOAD /Applications/Ac6/SystemWorkbench.app/Contents/Eclipse/plugins/fr.ac6.mcu.externaltools.arm-none.macos64_1.16.0.201807130628/tools/compiler/bin/../lib/gcc/arm-none-eabi/7.2.1/../../../../arm-none-eabi/lib/thumb/v7-m/libc_nano.a
LOAD /Applications/Ac6/SystemWorkbench.app/Contents/Eclipse/plugins/fr.ac6.mcu.externaltools.arm-none.macos64_1.16.0.201807130628/tools/compiler/bin/../lib/gcc/arm-none-eabi/7.2.1/../../../../arm-none-eabi/lib/thumb/v7-m/libnosys.a
END GROUP
START GROUP
LOAD /Applications/Ac6/SystemWorkbench.app/Contents/Eclipse/plugins/fr.ac6.mcu.externaltools.arm-none.macos64_1.16.0.201807130628/tools/compiler/bin/../lib/gcc/arm-none-eabi/7.2.1/thumb/v7-m/libgcc.a
LOAD /Applications/Ac6/SystemWorkbench.app/Contents/Eclipse/plugins/fr.ac6.mcu.externaltools.arm-none.macos64_1.16.0.201807130628/tools/compiler/bin/../lib/gcc/arm-none-eabi/7.2.1/../../../../arm-none-eabi/lib/thumb/v7-m/libc_nano.a
LOAD /Applications/Ac6/SystemWorkbench.app/Contents/Eclipse/plugins/fr.ac6.mcu.externaltools.arm-none.macos64_1.16.0.201807130628/tools/compiler/bin/../lib/gcc/arm-none-eabi/7.2.1/../../../../arm-none-eabi/lib/thumb/v7-m/libnosys.a
END GROUP
LOAD /Applications/Ac6/SystemWorkbench.app/Contents/Eclipse/plugins/fr.ac6.mcu.externaltools.arm-none.macos64_1.16.0.201807130628/tools/compiler/bin/../lib/gcc/arm-none-eabi/7.2.1/thumb/v7-m/crtend.o
LOAD /Applications/Ac6/SystemWorkbench.app/Contents/Eclipse/plugins/fr.ac6.mcu.externaltools.arm-none.macos64_1.16.0.201807130628/tools/compiler/bin/../lib/gcc/arm-none-eabi/7.2.1/thumb/v7-m/crtn.o
                0x0000000020008000                _estack = 0x20008000
                0x0000000000000200                _Min_Heap_Size = 0x200
                0x0000000000000400                _Min_Stack_Size = 0x400

.isr_vector     0x0000000008000000      0x13c
                0x0000000008000000                . = ALIGN (0x4)
 *(.isr_vector)
 .isr_vector    0x0000000008000000      0x13c startup/startup_stm32l152xc.o
                0x0000000008000000                g_pfnVectors
                0x000000000800013c                . = ALIGN (0x4)

.text           0x000000000800013c     0x21b8
                0x000000000800013c                . = ALIGN (0x4)
 *(.text)
 .text          0x000000000800013c       0x40 /Applications/Ac6/SystemWorkbench.app/Contents/Eclipse/plugins/fr.ac6.mcu.externaltools.arm-none.macos64_1.16.0.201807130628/tools/compiler/bin/../lib/gcc/arm-none-eabi/7.2.1/thumb/v7-m/crtbegin.o
 *(.text*)
 .text.HAL_InitTick
                0x000000000800017c       0x2c Drivers/STM32L1xx_HAL_Driver/Src/stm32l1xx_hal.o
                0x000000000800017c                HAL_InitTick
 .text.HAL_Init
                0x00000000080001a8       0x16 Drivers/STM32L1xx_HAL_Driver/Src/stm32l1xx_hal.o
                0x00000000080001a8                HAL_Init
 *fill*         0x00000000080001be        0x2 
 .text.HAL_IncTick
                0x00000000080001c0       0x10 Drivers/STM32L1xx_HAL_Driver/Src/stm32l1xx_hal.o
                0x00000000080001c0                HAL_IncTick
 .text.HAL_GetTick
                0x00000000080001d0        0xc Drivers/STM32L1xx_HAL_Driver/Src/stm32l1xx_hal.o
                0x00000000080001d0                HAL_GetTick
 .text.HAL_ADC_Init
                0x00000000080001dc      0x198 Drivers/STM32L1xx_HAL_Driver/Src/stm32l1xx_hal_adc.o
                0x00000000080001dc                HAL_ADC_Init
 .text.HAL_ADC_LevelOutOfWindowCallback
                0x0000000008000374        0x2 Drivers/STM32L1xx_HAL_Driver/Src/stm32l1xx_hal_adc.o
                0x0000000008000374                HAL_ADC_LevelOutOfWindowCallback
 .text.HAL_ADC_ErrorCallback
                0x0000000008000376        0x2 Drivers/STM32L1xx_HAL_Driver/Src/stm32l1xx_hal_adc.o
                0x0000000008000376                HAL_ADC_ErrorCallback
 .text.HAL_ADC_IRQHandler
                0x0000000008000378      0x144 Drivers/STM32L1xx_HAL_Driver/Src/stm32l1xx_hal_adc.o
                0x0000000008000378                HAL_ADC_IRQHandler
 .text.HAL_ADC_ConfigChannel
                0x00000000080004bc      0x190 Drivers/STM32L1xx_HAL_Driver/Src/stm32l1xx_hal_adc.o
                0x00000000080004bc                HAL_ADC_ConfigChannel
 .text.HAL_ADCEx_InjectedConvCpltCallback
                0x000000000800064c        0x2 Drivers/STM32L1xx_HAL_Driver/Src/stm32l1xx_hal_adc_ex.o
                0x000000000800064c                HAL_ADCEx_InjectedConvCpltCallback
 *fill*         0x000000000800064e        0x2 
 .text.HAL_NVIC_SetPriorityGrouping
                0x0000000008000650       0x24 Drivers/STM32L1xx_HAL_Driver/Src/stm32l1xx_hal_cortex.o
                0x0000000008000650                HAL_NVIC_SetPriorityGrouping
 .text.HAL_NVIC_SetPriority
                0x0000000008000674       0x68 Drivers/STM32L1xx_HAL_Driver/Src/stm32l1xx_hal_cortex.o
                0x0000000008000674                HAL_NVIC_SetPriority
 .text.HAL_NVIC_EnableIRQ
                0x00000000080006dc       0x18 Drivers/STM32L1xx_HAL_Driver/Src/stm32l1xx_hal_cortex.o
                0x00000000080006dc                HAL_NVIC_EnableIRQ
 .text.HAL_SYSTICK_Config
                0x00000000080006f4       0x2c Drivers/STM32L1xx_HAL_Driver/Src/stm32l1xx_hal_cortex.o
                0x00000000080006f4                HAL_SYSTICK_Config
 .text.HAL_SYSTICK_CLKSourceConfig
                0x0000000008000720       0x20 Drivers/STM32L1xx_HAL_Driver/Src/stm32l1xx_hal_cortex.o
                0x0000000008000720                HAL_SYSTICK_CLKSourceConfig
 .text.HAL_SYSTICK_Callback
                0x0000000008000740        0x2 Drivers/STM32L1xx_HAL_Driver/Src/stm32l1xx_hal_cortex.o
                0x0000000008000740                HAL_SYSTICK_Callback
 .text.HAL_SYSTICK_IRQHandler
                0x0000000008000742        0x8 Drivers/STM32L1xx_HAL_Driver/Src/stm32l1xx_hal_cortex.o
                0x0000000008000742                HAL_SYSTICK_IRQHandler
 *fill*         0x000000000800074a        0x2 
 .text.HAL_DMA_Init
                0x000000000800074c       0xa0 Drivers/STM32L1xx_HAL_Driver/Src/stm32l1xx_hal_dma.o
                0x000000000800074c                HAL_DMA_Init
 .text.HAL_DMA_IRQHandler
                0x00000000080007ec       0xb4 Drivers/STM32L1xx_HAL_Driver/Src/stm32l1xx_hal_dma.o
                0x00000000080007ec                HAL_DMA_IRQHandler
 .text.HAL_GPIO_Init
                0x00000000080008a0      0x194 Drivers/STM32L1xx_HAL_Driver/Src/stm32l1xx_hal_gpio.o
                0x00000000080008a0                HAL_GPIO_Init
 .text.RCC_SetFlashLatencyFromMSIRange
                0x0000000008000a34       0x94 Drivers/STM32L1xx_HAL_Driver/Src/stm32l1xx_hal_rcc.o
 .text.HAL_RCC_OscConfig
                0x0000000008000ac8      0x78c Drivers/STM32L1xx_HAL_Driver/Src/stm32l1xx_hal_rcc.o
                0x0000000008000ac8                HAL_RCC_OscConfig
 .text.HAL_RCC_GetSysClockFreq
                0x0000000008001254       0x9c Drivers/STM32L1xx_HAL_Driver/Src/stm32l1xx_hal_rcc.o
                0x0000000008001254                HAL_RCC_GetSysClockFreq
 .text.HAL_RCC_ClockConfig
                0x00000000080012f0      0x248 Drivers/STM32L1xx_HAL_Driver/Src/stm32l1xx_hal_rcc.o
                0x00000000080012f0                HAL_RCC_ClockConfig
 .text.HAL_RCC_GetHCLKFreq
                0x0000000008001538        0xc Drivers/STM32L1xx_HAL_Driver/Src/stm32l1xx_hal_rcc.o
                0x0000000008001538                HAL_RCC_GetHCLKFreq
 .text.TIM_Base_SetConfig
                0x0000000008001544       0x80 Drivers/STM32L1xx_HAL_Driver/Src/stm32l1xx_hal_tim.o
 .text.TIM_OC1_SetConfig
                0x00000000080015c4       0x2e Drivers/STM32L1xx_HAL_Driver/Src/stm32l1xx_hal_tim.o
 .text.TIM_OC2_SetConfig
                0x00000000080015f2       0x32 Drivers/STM32L1xx_HAL_Driver/Src/stm32l1xx_hal_tim.o
 .text.TIM_OC3_SetConfig
                0x0000000008001624       0x30 Drivers/STM32L1xx_HAL_Driver/Src/stm32l1xx_hal_tim.o
 .text.TIM_OC4_SetConfig
                0x0000000008001654       0x32 Drivers/STM32L1xx_HAL_Driver/Src/stm32l1xx_hal_tim.o
 .text.TIM_TI1_ConfigInputStage
                0x0000000008001686       0x24 Drivers/STM32L1xx_HAL_Driver/Src/stm32l1xx_hal_tim.o
 .text.TIM_TI2_ConfigInputStage
                0x00000000080016aa       0x26 Drivers/STM32L1xx_HAL_Driver/Src/stm32l1xx_hal_tim.o
 .text.TIM_ITRx_SetConfig
                0x00000000080016d0       0x10 Drivers/STM32L1xx_HAL_Driver/Src/stm32l1xx_hal_tim.o
 .text.TIM_ETR_SetConfig
                0x00000000080016e0       0x16 Drivers/STM32L1xx_HAL_Driver/Src/stm32l1xx_hal_tim.o
 .text.TIM_CCxChannelCmd
                0x00000000080016f6       0x1c Drivers/STM32L1xx_HAL_Driver/Src/stm32l1xx_hal_tim.o
 .text.HAL_TIM_Base_Init
                0x0000000008001712       0x32 Drivers/STM32L1xx_HAL_Driver/Src/stm32l1xx_hal_tim.o
                0x0000000008001712                HAL_TIM_Base_Init
 .text.HAL_TIM_Base_Start_IT
                0x0000000008001744       0x18 Drivers/STM32L1xx_HAL_Driver/Src/stm32l1xx_hal_tim.o
                0x0000000008001744                HAL_TIM_Base_Start_IT
 .text.HAL_TIM_PWM_MspInit
                0x000000000800175c        0x2 Drivers/STM32L1xx_HAL_Driver/Src/stm32l1xx_hal_tim.o
                0x000000000800175c                HAL_TIM_PWM_MspInit
 .text.HAL_TIM_PWM_Init
                0x000000000800175e       0x32 Drivers/STM32L1xx_HAL_Driver/Src/stm32l1xx_hal_tim.o
                0x000000000800175e                HAL_TIM_PWM_Init
 .text.HAL_TIM_PWM_Start
                0x0000000008001790       0x1a Drivers/STM32L1xx_HAL_Driver/Src/stm32l1xx_hal_tim.o
                0x0000000008001790                HAL_TIM_PWM_Start
 .text.HAL_TIM_PWM_ConfigChannel
                0x00000000080017aa       0xdc Drivers/STM32L1xx_HAL_Driver/Src/stm32l1xx_hal_tim.o
                0x00000000080017aa                HAL_TIM_PWM_ConfigChannel
 .text.HAL_TIM_ConfigClockSource
                0x0000000008001886      0x108 Drivers/STM32L1xx_HAL_Driver/Src/stm32l1xx_hal_tim.o
                0x0000000008001886                HAL_TIM_ConfigClockSource
 .text.HAL_TIM_OC_DelayElapsedCallback
                0x000000000800198e        0x2 Drivers/STM32L1xx_HAL_Driver/Src/stm32l1xx_hal_tim.o
                0x000000000800198e                HAL_TIM_OC_DelayElapsedCallback
 .text.HAL_TIM_IC_CaptureCallback
                0x0000000008001990        0x2 Drivers/STM32L1xx_HAL_Driver/Src/stm32l1xx_hal_tim.o
                0x0000000008001990                HAL_TIM_IC_CaptureCallback
 .text.HAL_TIM_PWM_PulseFinishedCallback
                0x0000000008001992        0x2 Drivers/STM32L1xx_HAL_Driver/Src/stm32l1xx_hal_tim.o
                0x0000000008001992                HAL_TIM_PWM_PulseFinishedCallback
 .text.HAL_TIM_TriggerCallback
                0x0000000008001994        0x2 Drivers/STM32L1xx_HAL_Driver/Src/stm32l1xx_hal_tim.o
                0x0000000008001994                HAL_TIM_TriggerCallback
 .text.HAL_TIM_IRQHandler
                0x0000000008001996      0x13a Drivers/STM32L1xx_HAL_Driver/Src/stm32l1xx_hal_tim.o
                0x0000000008001996                HAL_TIM_IRQHandler
 .text.HAL_TIMEx_MasterConfigSynchronization
                0x0000000008001ad0       0x52 Drivers/STM32L1xx_HAL_Driver/Src/stm32l1xx_hal_tim_ex.o
                0x0000000008001ad0                HAL_TIMEx_MasterConfigSynchronization
 *fill*         0x0000000008001b22        0x2 
 .text.MX_ADC_Init
                0x0000000008001b24       0xec Src/adc.o
                0x0000000008001b24                MX_ADC_Init
 .text.HAL_ADC_MspInit
                0x0000000008001c10       0xb0 Src/adc.o
                0x0000000008001c10                HAL_ADC_MspInit
 .text.MX_DMA_Init
                0x0000000008001cc0       0x64 Src/dma.o
                0x0000000008001cc0                MX_DMA_Init
 .text.MX_GPIO_Init
                0x0000000008001d24       0x30 Src/gpio.o
                0x0000000008001d24                MX_GPIO_Init
 .text.HAL_ADC_ConvCpltCallback
                0x0000000008001d54        0x2 Src/main.o
                0x0000000008001d54                HAL_ADC_ConvCpltCallback
 *fill*         0x0000000008001d56        0x2 
 .text.HAL_TIM_PeriodElapsedCallback
                0x0000000008001d58       0x64 Src/main.o
                0x0000000008001d58                HAL_TIM_PeriodElapsedCallback
 .text._Error_Handler
                0x0000000008001dbc        0x2 Src/main.o
                0x0000000008001dbc                _Error_Handler
 *fill*         0x0000000008001dbe        0x2 
 .text.SystemClock_Config
                0x0000000008001dc0       0x94 Src/main.o
                0x0000000008001dc0                SystemClock_Config
 .text.main     0x0000000008001e54       0x38 Src/main.o
                0x0000000008001e54                main
 .text.PWM_Peltier_SetPWM
                0x0000000008001e8c       0x34 Src/pwm.o
                0x0000000008001e8c                PWM_Peltier_SetPWM
 .text.PWM_Peltier_SetPeltierArray
                0x0000000008001ec0       0x7c Src/pwm.o
                0x0000000008001ec0                PWM_Peltier_SetPeltierArray
 .text.HAL_MspInit
                0x0000000008001f3c       0xa0 Src/stm32l1xx_hal_msp.o
                0x0000000008001f3c                HAL_MspInit
 .text.NMI_Handler
                0x0000000008001fdc        0x2 Src/stm32l1xx_it.o
                0x0000000008001fdc                NMI_Handler
 .text.HardFault_Handler
                0x0000000008001fde        0x2 Src/stm32l1xx_it.o
                0x0000000008001fde                HardFault_Handler
 .text.MemManage_Handler
                0x0000000008001fe0        0x2 Src/stm32l1xx_it.o
                0x0000000008001fe0                MemManage_Handler
 .text.BusFault_Handler
                0x0000000008001fe2        0x2 Src/stm32l1xx_it.o
                0x0000000008001fe2                BusFault_Handler
 .text.UsageFault_Handler
                0x0000000008001fe4        0x2 Src/stm32l1xx_it.o
                0x0000000008001fe4                UsageFault_Handler
 .text.SVC_Handler
                0x0000000008001fe6        0x2 Src/stm32l1xx_it.o
                0x0000000008001fe6                SVC_Handler
 .text.DebugMon_Handler
                0x0000000008001fe8        0x2 Src/stm32l1xx_it.o
                0x0000000008001fe8                DebugMon_Handler
 .text.PendSV_Handler
                0x0000000008001fea        0x2 Src/stm32l1xx_it.o
                0x0000000008001fea                PendSV_Handler
 .text.SysTick_Handler
                0x0000000008001fec        0xc Src/stm32l1xx_it.o
                0x0000000008001fec                SysTick_Handler
 .text.DMA1_Channel1_IRQHandler
                0x0000000008001ff8       0x10 Src/stm32l1xx_it.o
                0x0000000008001ff8                DMA1_Channel1_IRQHandler
 .text.ADC1_IRQHandler
                0x0000000008002008       0x10 Src/stm32l1xx_it.o
                0x0000000008002008                ADC1_IRQHandler
 .text.TIM5_IRQHandler
                0x0000000008002018       0x10 Src/stm32l1xx_it.o
                0x0000000008002018                TIM5_IRQHandler
 .text.DMA2_Channel4_IRQHandler
                0x0000000008002028       0x10 Src/stm32l1xx_it.o
                0x0000000008002028                DMA2_Channel4_IRQHandler
 .text.DMA2_Channel5_IRQHandler
                0x0000000008002038       0x10 Src/stm32l1xx_it.o
                0x0000000008002038                DMA2_Channel5_IRQHandler
 .text.SystemInit
                0x0000000008002048       0x48 Src/system_stm32l1xx.o
                0x0000000008002048                SystemInit
 .text.HAL_TIM_Base_MspInit
                0x0000000008002090       0xc0 Src/tim.o
                0x0000000008002090                HAL_TIM_Base_MspInit
 .text.HAL_TIM_MspPostInit
                0x0000000008002150       0x34 Src/tim.o
                0x0000000008002150                HAL_TIM_MspPostInit
 .text.MX_TIM5_Init
                0x0000000008002184       0xc4 Src/tim.o
                0x0000000008002184                MX_TIM5_Init
 .text.Reset_Handler
                0x0000000008002248       0x48 startup/startup_stm32l152xc.o
                0x0000000008002248                Reset_Handler
 .text.Default_Handler
                0x0000000008002290        0x2 startup/startup_stm32l152xc.o
                0x0000000008002290                DMA2_Channel3_IRQHandler
                0x0000000008002290                EXTI2_IRQHandler
                0x0000000008002290                COMP_ACQ_IRQHandler
                0x0000000008002290                TIM10_IRQHandler
                0x0000000008002290                USB_HP_IRQHandler
                0x0000000008002290                TIM6_IRQHandler
                0x0000000008002290                PVD_IRQHandler
                0x0000000008002290                EXTI3_IRQHandler
                0x0000000008002290                EXTI0_IRQHandler
                0x0000000008002290                I2C2_EV_IRQHandler
                0x0000000008002290                SPI1_IRQHandler
                0x0000000008002290                USB_FS_WKUP_IRQHandler
                0x0000000008002290                DMA2_Channel2_IRQHandler
                0x0000000008002290                DMA1_Channel4_IRQHandler
                0x0000000008002290                USART3_IRQHandler
                0x0000000008002290                DMA1_Channel7_IRQHandler
                0x0000000008002290                LCD_IRQHandler
                0x0000000008002290                TIM4_IRQHandler
                0x0000000008002290                DMA2_Channel1_IRQHandler
                0x0000000008002290                I2C1_EV_IRQHandler
                0x0000000008002290                DMA1_Channel6_IRQHandler
                0x0000000008002290                TIM3_IRQHandler
                0x0000000008002290                RCC_IRQHandler
                0x0000000008002290                Default_Handler
                0x0000000008002290                EXTI15_10_IRQHandler
                0x0000000008002290                TIM7_IRQHandler
                0x0000000008002290                EXTI9_5_IRQHandler
                0x0000000008002290                TIM9_IRQHandler
                0x0000000008002290                TAMPER_STAMP_IRQHandler
                0x0000000008002290                RTC_WKUP_IRQHandler
                0x0000000008002290                SPI2_IRQHandler
                0x0000000008002290                DMA1_Channel5_IRQHandler
                0x0000000008002290                USB_LP_IRQHandler
                0x0000000008002290                EXTI4_IRQHandler
                0x0000000008002290                DMA1_Channel3_IRQHandler
                0x0000000008002290                COMP_IRQHandler
                0x0000000008002290                WWDG_IRQHandler
                0x0000000008002290                TIM2_IRQHandler
                0x0000000008002290                DAC_IRQHandler
                0x0000000008002290                EXTI1_IRQHandler
                0x0000000008002290                TIM11_IRQHandler
                0x0000000008002290                USART2_IRQHandler
                0x0000000008002290                I2C2_ER_IRQHandler
                0x0000000008002290                DMA1_Channel2_IRQHandler
                0x0000000008002290                FLASH_IRQHandler
                0x0000000008002290                USART1_IRQHandler
                0x0000000008002290                SPI3_IRQHandler
                0x0000000008002290                I2C1_ER_IRQHandler
                0x0000000008002290                RTC_Alarm_IRQHandler
 *fill*         0x0000000008002292        0x2 
 .text.__libc_init_array
                0x0000000008002294       0x48 /Applications/Ac6/SystemWorkbench.app/Contents/Eclipse/plugins/fr.ac6.mcu.externaltools.arm-none.macos64_1.16.0.201807130628/tools/compiler/bin/../lib/gcc/arm-none-eabi/7.2.1/../../../../arm-none-eabi/lib/thumb/v7-m/libc_nano.a(lib_a-init.o)
                0x0000000008002294                __libc_init_array
 *(.glue_7)
 .glue_7        0x00000000080022dc        0x0 linker stubs
 *(.glue_7t)
 .glue_7t       0x00000000080022dc        0x0 linker stubs
 *(.eh_frame)
 .eh_frame      0x00000000080022dc        0x0 /Applications/Ac6/SystemWorkbench.app/Contents/Eclipse/plugins/fr.ac6.mcu.externaltools.arm-none.macos64_1.16.0.201807130628/tools/compiler/bin/../lib/gcc/arm-none-eabi/7.2.1/thumb/v7-m/crtbegin.o
 *(.init)
 .init          0x00000000080022dc        0x4 /Applications/Ac6/SystemWorkbench.app/Contents/Eclipse/plugins/fr.ac6.mcu.externaltools.arm-none.macos64_1.16.0.201807130628/tools/compiler/bin/../lib/gcc/arm-none-eabi/7.2.1/thumb/v7-m/crti.o
                0x00000000080022dc                _init
 .init          0x00000000080022e0        0x8 /Applications/Ac6/SystemWorkbench.app/Contents/Eclipse/plugins/fr.ac6.mcu.externaltools.arm-none.macos64_1.16.0.201807130628/tools/compiler/bin/../lib/gcc/arm-none-eabi/7.2.1/thumb/v7-m/crtn.o
 *(.fini)
 .fini          0x00000000080022e8        0x4 /Applications/Ac6/SystemWorkbench.app/Contents/Eclipse/plugins/fr.ac6.mcu.externaltools.arm-none.macos64_1.16.0.201807130628/tools/compiler/bin/../lib/gcc/arm-none-eabi/7.2.1/thumb/v7-m/crti.o
                0x00000000080022e8                _fini
 .fini          0x00000000080022ec        0x8 /Applications/Ac6/SystemWorkbench.app/Contents/Eclipse/plugins/fr.ac6.mcu.externaltools.arm-none.macos64_1.16.0.201807130628/tools/compiler/bin/../lib/gcc/arm-none-eabi/7.2.1/thumb/v7-m/crtn.o
                0x00000000080022f4                . = ALIGN (0x4)
                0x00000000080022f4                _etext = .

.vfp11_veneer   0x00000000080022f4        0x0
 .vfp11_veneer  0x00000000080022f4        0x0 linker stubs

.v4_bx          0x00000000080022f4        0x0
 .v4_bx         0x00000000080022f4        0x0 linker stubs

.iplt           0x00000000080022f4        0x0
 .iplt          0x00000000080022f4        0x0 /Applications/Ac6/SystemWorkbench.app/Contents/Eclipse/plugins/fr.ac6.mcu.externaltools.arm-none.macos64_1.16.0.201807130628/tools/compiler/bin/../lib/gcc/arm-none-eabi/7.2.1/thumb/v7-m/crtbegin.o

.rodata         0x00000000080022f4       0x54
                0x00000000080022f4                . = ALIGN (0x4)
 *(.rodata)
 .rodata        0x00000000080022f4       0x24 Src/system_stm32l1xx.o
                0x00000000080022f4                PLLMulTable
                0x0000000008002300                AHBPrescTable
                0x0000000008002310                APBPrescTable
 *(.rodata*)
 .rodata.str1.4
                0x0000000008002318        0xd Src/adc.o
 *fill*         0x0000000008002325        0x3 
 .rodata.str1.4
                0x0000000008002328        0xe Src/main.o
 *fill*         0x0000000008002336        0x2 
 .rodata.str1.4
                0x0000000008002338       0x10 Src/tim.o
                                          0xd (size before relaxing)
                0x0000000008002348                . = ALIGN (0x4)

.rel.dyn        0x0000000008002348        0x0
 .rel.iplt      0x0000000008002348        0x0 /Applications/Ac6/SystemWorkbench.app/Contents/Eclipse/plugins/fr.ac6.mcu.externaltools.arm-none.macos64_1.16.0.201807130628/tools/compiler/bin/../lib/gcc/arm-none-eabi/7.2.1/thumb/v7-m/crtbegin.o

.ARM.extab
 *(.ARM.extab* .gnu.linkonce.armextab.*)

.ARM            0x0000000008002348        0x0
                0x0000000008002348                __exidx_start = .
 *(.ARM.exidx*)
                0x0000000008002348                __exidx_end = .

.preinit_array  0x0000000008002348        0x0
                0x0000000008002348                PROVIDE (__preinit_array_start, .)
 *(.preinit_array*)
                0x0000000008002348                PROVIDE (__preinit_array_end, .)

.init_array     0x0000000008002348        0x4
                0x0000000008002348                PROVIDE (__init_array_start, .)
 *(SORT_BY_NAME(.init_array.*))
 *(.init_array*)
 .init_array    0x0000000008002348        0x4 /Applications/Ac6/SystemWorkbench.app/Contents/Eclipse/plugins/fr.ac6.mcu.externaltools.arm-none.macos64_1.16.0.201807130628/tools/compiler/bin/../lib/gcc/arm-none-eabi/7.2.1/thumb/v7-m/crtbegin.o
                0x000000000800234c                PROVIDE (__init_array_end, .)

.fini_array     0x000000000800234c        0x4
                [!provide]                        PROVIDE (__fini_array_start, .)
 *(SORT_BY_NAME(.fini_array.*))
 *(.fini_array*)
 .fini_array    0x000000000800234c        0x4 /Applications/Ac6/SystemWorkbench.app/Contents/Eclipse/plugins/fr.ac6.mcu.externaltools.arm-none.macos64_1.16.0.201807130628/tools/compiler/bin/../lib/gcc/arm-none-eabi/7.2.1/thumb/v7-m/crtbegin.o
                [!provide]                        PROVIDE (__fini_array_end, .)
                0x0000000008002350                _sidata = LOADADDR (.data)

.data           0x0000000020000000       0x28 load address 0x0000000008002350
                0x0000000020000000                . = ALIGN (0x4)
                0x0000000020000000                _sdata = .
 *(.data)
 .data          0x0000000020000000       0x18 Src/main.o
                0x0000000020000000                PELTIER_1
                0x0000000020000004                PeltierArrayPWM
                0x000000002000000e                HEATING
                0x0000000020000010                PELTIER_5
                0x0000000020000012                PELTIER_4
                0x0000000020000014                PELTIER_3
                0x0000000020000016                PELTIER_2
 .data          0x0000000020000018        0xc Src/pwm.o
                0x0000000020000018                _PELTIER_1
                0x000000002000001a                _HEATING
                0x000000002000001c                _PELTIER_2
                0x000000002000001e                _PELTIER_3
                0x0000000020000020                _PELTIER_4
                0x0000000020000022                _PELTIER_5
 .data          0x0000000020000024        0x4 Src/system_stm32l1xx.o
                0x0000000020000024                SystemCoreClock
 *(.data*)
                0x0000000020000028                . = ALIGN (0x4)
                0x0000000020000028                _edata = .

.igot.plt       0x0000000020000028        0x0 load address 0x0000000008002378
 .igot.plt      0x0000000020000028        0x0 /Applications/Ac6/SystemWorkbench.app/Contents/Eclipse/plugins/fr.ac6.mcu.externaltools.arm-none.macos64_1.16.0.201807130628/tools/compiler/bin/../lib/gcc/arm-none-eabi/7.2.1/thumb/v7-m/crtbegin.o
                0x0000000020000028                . = ALIGN (0x4)

.bss            0x0000000020000028      0x180 load address 0x0000000008002378
                0x0000000020000028                _sbss = .
                0x0000000020000028                __bss_start__ = _sbss
 *(.bss)
 .bss           0x0000000020000028       0x1c /Applications/Ac6/SystemWorkbench.app/Contents/Eclipse/plugins/fr.ac6.mcu.externaltools.arm-none.macos64_1.16.0.201807130628/tools/compiler/bin/../lib/gcc/arm-none-eabi/7.2.1/thumb/v7-m/crtbegin.o
 .bss           0x0000000020000044        0x5 Src/main.o
                0x0000000020000044                counter
                0x0000000020000045                COOLING
                0x0000000020000046                PeltierArrayHC_now
                0x0000000020000048                PWMduty
 *(.bss*)
 *(COMMON)
 *fill*         0x0000000020000049        0x3 
 COMMON         0x000000002000004c        0x4 Drivers/STM32L1xx_HAL_Driver/Src/stm32l1xx_hal.o
                0x000000002000004c                uwTick
 COMMON         0x0000000020000050       0x98 Src/adc.o
                0x0000000020000050                hdma_adc
                0x0000000020000094                hadc
 COMMON         0x00000000200000e8       0xc0 Src/tim.o
                0x00000000200000e8                htim5
                0x0000000020000120                hdma_tim5_ch1
                0x0000000020000164                hdma_tim5_ch2
                0x00000000200001a8                . = ALIGN (0x4)
                0x00000000200001a8                _ebss = .
                0x00000000200001a8                __bss_end__ = _ebss

._user_heap_stack
                0x00000000200001a8      0x600 load address 0x0000000008002378
                0x00000000200001a8                . = ALIGN (0x8)
                [!provide]                        PROVIDE (end, .)
                [!provide]                        PROVIDE (_end, .)
                0x00000000200003a8                . = (. + _Min_Heap_Size)
 *fill*         0x00000000200001a8      0x200 
                0x00000000200007a8                . = (. + _Min_Stack_Size)
 *fill*         0x00000000200003a8      0x400 
                0x00000000200007a8                . = ALIGN (0x8)

/DISCARD/
 libc.a(*)
 libm.a(*)
 libgcc.a(*)

.ARM.attributes
                0x0000000000000000       0x29
 *(.ARM.attributes)
 .ARM.attributes
                0x0000000000000000       0x1d /Applications/Ac6/SystemWorkbench.app/Contents/Eclipse/plugins/fr.ac6.mcu.externaltools.arm-none.macos64_1.16.0.201807130628/tools/compiler/bin/../lib/gcc/arm-none-eabi/7.2.1/thumb/v7-m/crti.o
 .ARM.attributes
                0x000000000000001d       0x2d /Applications/Ac6/SystemWorkbench.app/Contents/Eclipse/plugins/fr.ac6.mcu.externaltools.arm-none.macos64_1.16.0.201807130628/tools/compiler/bin/../lib/gcc/arm-none-eabi/7.2.1/thumb/v7-m/crtbegin.o
 .ARM.attributes
                0x000000000000004a       0x33 Drivers/STM32L1xx_HAL_Driver/Src/stm32l1xx_hal.o
 .ARM.attributes
                0x000000000000007d       0x33 Drivers/STM32L1xx_HAL_Driver/Src/stm32l1xx_hal_adc.o
 .ARM.attributes
                0x00000000000000b0       0x33 Drivers/STM32L1xx_HAL_Driver/Src/stm32l1xx_hal_adc_ex.o
 .ARM.attributes
                0x00000000000000e3       0x33 Drivers/STM32L1xx_HAL_Driver/Src/stm32l1xx_hal_cortex.o
 .ARM.attributes
                0x0000000000000116       0x33 Drivers/STM32L1xx_HAL_Driver/Src/stm32l1xx_hal_dma.o
 .ARM.attributes
                0x0000000000000149       0x33 Drivers/STM32L1xx_HAL_Driver/Src/stm32l1xx_hal_gpio.o
 .ARM.attributes
                0x000000000000017c       0x33 Drivers/STM32L1xx_HAL_Driver/Src/stm32l1xx_hal_rcc.o
 .ARM.attributes
                0x00000000000001af       0x33 Drivers/STM32L1xx_HAL_Driver/Src/stm32l1xx_hal_tim.o
 .ARM.attributes
                0x00000000000001e2       0x33 Drivers/STM32L1xx_HAL_Driver/Src/stm32l1xx_hal_tim_ex.o
 .ARM.attributes
                0x0000000000000215       0x33 Src/adc.o
 .ARM.attributes
                0x0000000000000248       0x33 Src/dma.o
 .ARM.attributes
                0x000000000000027b       0x33 Src/gpio.o
 .ARM.attributes
                0x00000000000002ae       0x33 Src/main.o
 .ARM.attributes
                0x00000000000002e1       0x33 Src/pwm.o
 .ARM.attributes
                0x0000000000000314       0x33 Src/stm32l1xx_hal_msp.o
 .ARM.attributes
                0x0000000000000347       0x33 Src/stm32l1xx_it.o
 .ARM.attributes
                0x000000000000037a       0x33 Src/system_stm32l1xx.o
 .ARM.attributes
                0x00000000000003ad       0x33 Src/tim.o
 .ARM.attributes
                0x00000000000003e0       0x21 startup/startup_stm32l152xc.o
 .ARM.attributes
                0x0000000000000401       0x2d /Applications/Ac6/SystemWorkbench.app/Contents/Eclipse/plugins/fr.ac6.mcu.externaltools.arm-none.macos64_1.16.0.201807130628/tools/compiler/bin/../lib/gcc/arm-none-eabi/7.2.1/../../../../arm-none-eabi/lib/thumb/v7-m/libc_nano.a(lib_a-init.o)
 .ARM.attributes
                0x000000000000042e       0x1d /Applications/Ac6/SystemWorkbench.app/Contents/Eclipse/plugins/fr.ac6.mcu.externaltools.arm-none.macos64_1.16.0.201807130628/tools/compiler/bin/../lib/gcc/arm-none-eabi/7.2.1/thumb/v7-m/crtn.o
OUTPUT(temperatureTest.elf elf32-littlearm)

.debug_info     0x0000000000000000    0x1660f
 .debug_info    0x0000000000000000      0xeca Drivers/STM32L1xx_HAL_Driver/Src/stm32l1xx_hal.o
 .debug_info    0x0000000000000eca     0x18aa Drivers/STM32L1xx_HAL_Driver/Src/stm32l1xx_hal_adc.o
 .debug_info    0x0000000000002774     0x11ea Drivers/STM32L1xx_HAL_Driver/Src/stm32l1xx_hal_adc_ex.o
 .debug_info    0x000000000000395e     0x16d8 Drivers/STM32L1xx_HAL_Driver/Src/stm32l1xx_hal_cortex.o
 .debug_info    0x0000000000005036     0x1039 Drivers/STM32L1xx_HAL_Driver/Src/stm32l1xx_hal_dma.o
 .debug_info    0x000000000000606f      0xea7 Drivers/STM32L1xx_HAL_Driver/Src/stm32l1xx_hal_gpio.o
 .debug_info    0x0000000000006f16     0x1ec3 Drivers/STM32L1xx_HAL_Driver/Src/stm32l1xx_hal_rcc.o
 .debug_info    0x0000000000008dd9     0x35a9 Drivers/STM32L1xx_HAL_Driver/Src/stm32l1xx_hal_tim.o
 .debug_info    0x000000000000c382      0xe9c Drivers/STM32L1xx_HAL_Driver/Src/stm32l1xx_hal_tim_ex.o
 .debug_info    0x000000000000d21e     0x152e Src/adc.o
 .debug_info    0x000000000000e74c      0xca4 Src/dma.o
 .debug_info    0x000000000000f3f0      0xa72 Src/gpio.o
 .debug_info    0x000000000000fe62     0x1719 Src/main.o
 .debug_info    0x000000000001157b      0xf0f Src/pwm.o
 .debug_info    0x000000000001248a      0xd11 Src/stm32l1xx_hal_msp.o
 .debug_info    0x000000000001319b     0x11ec Src/stm32l1xx_it.o
 .debug_info    0x0000000000014387      0xc76 Src/system_stm32l1xx.o
 .debug_info    0x0000000000014ffd     0x15f0 Src/tim.o
 .debug_info    0x00000000000165ed       0x22 startup/startup_stm32l152xc.o

.debug_abbrev   0x0000000000000000     0x2ecd
 .debug_abbrev  0x0000000000000000      0x2c9 Drivers/STM32L1xx_HAL_Driver/Src/stm32l1xx_hal.o
 .debug_abbrev  0x00000000000002c9      0x32f Drivers/STM32L1xx_HAL_Driver/Src/stm32l1xx_hal_adc.o
 .debug_abbrev  0x00000000000005f8      0x31f Drivers/STM32L1xx_HAL_Driver/Src/stm32l1xx_hal_adc_ex.o
 .debug_abbrev  0x0000000000000917      0x3ba Drivers/STM32L1xx_HAL_Driver/Src/stm32l1xx_hal_cortex.o
 .debug_abbrev  0x0000000000000cd1      0x2e5 Drivers/STM32L1xx_HAL_Driver/Src/stm32l1xx_hal_dma.o
 .debug_abbrev  0x0000000000000fb6      0x2a7 Drivers/STM32L1xx_HAL_Driver/Src/stm32l1xx_hal_gpio.o
 .debug_abbrev  0x000000000000125d      0x352 Drivers/STM32L1xx_HAL_Driver/Src/stm32l1xx_hal_rcc.o
 .debug_abbrev  0x00000000000015af      0x2cf Drivers/STM32L1xx_HAL_Driver/Src/stm32l1xx_hal_tim.o
 .debug_abbrev  0x000000000000187e      0x1fc Drivers/STM32L1xx_HAL_Driver/Src/stm32l1xx_hal_tim_ex.o
 .debug_abbrev  0x0000000000001a7a      0x27d Src/adc.o
 .debug_abbrev  0x0000000000001cf7      0x234 Src/dma.o
 .debug_abbrev  0x0000000000001f2b      0x1e3 Src/gpio.o
 .debug_abbrev  0x000000000000210e      0x290 Src/main.o
 .debug_abbrev  0x000000000000239e      0x23d Src/pwm.o
 .debug_abbrev  0x00000000000025db      0x234 Src/stm32l1xx_hal_msp.o
 .debug_abbrev  0x000000000000280f      0x22a Src/stm32l1xx_it.o
 .debug_abbrev  0x0000000000002a39      0x205 Src/system_stm32l1xx.o
 .debug_abbrev  0x0000000000002c3e      0x27d Src/tim.o
 .debug_abbrev  0x0000000000002ebb       0x12 startup/startup_stm32l152xc.o

.debug_loc      0x0000000000000000     0x631d
 .debug_loc     0x0000000000000000       0x6a Drivers/STM32L1xx_HAL_Driver/Src/stm32l1xx_hal.o
 .debug_loc     0x000000000000006a      0x8a1 Drivers/STM32L1xx_HAL_Driver/Src/stm32l1xx_hal_adc.o
 .debug_loc     0x000000000000090b      0x4a1 Drivers/STM32L1xx_HAL_Driver/Src/stm32l1xx_hal_adc_ex.o
 .debug_loc     0x0000000000000dac      0x5ce Drivers/STM32L1xx_HAL_Driver/Src/stm32l1xx_hal_cortex.o
 .debug_loc     0x000000000000137a      0x7aa Drivers/STM32L1xx_HAL_Driver/Src/stm32l1xx_hal_dma.o
 .debug_loc     0x0000000000001b24      0x38d Drivers/STM32L1xx_HAL_Driver/Src/stm32l1xx_hal_gpio.o
 .debug_loc     0x0000000000001eb1      0xb22 Drivers/STM32L1xx_HAL_Driver/Src/stm32l1xx_hal_rcc.o
 .debug_loc     0x00000000000029d3     0x3550 Drivers/STM32L1xx_HAL_Driver/Src/stm32l1xx_hal_tim.o
 .debug_loc     0x0000000000005f23       0xa0 Drivers/STM32L1xx_HAL_Driver/Src/stm32l1xx_hal_tim_ex.o
 .debug_loc     0x0000000000005fc3       0x4a Src/adc.o
 .debug_loc     0x000000000000600d       0x21 Src/main.o
 .debug_loc     0x000000000000602e       0xf5 Src/pwm.o
 .debug_loc     0x0000000000006123      0x18f Src/system_stm32l1xx.o
 .debug_loc     0x00000000000062b2       0x6b Src/tim.o

.debug_aranges  0x0000000000000000      0x9a0
 .debug_aranges
                0x0000000000000000       0xb0 Drivers/STM32L1xx_HAL_Driver/Src/stm32l1xx_hal.o
 .debug_aranges
                0x00000000000000b0       0xf0 Drivers/STM32L1xx_HAL_Driver/Src/stm32l1xx_hal_adc.o
 .debug_aranges
                0x00000000000001a0       0x58 Drivers/STM32L1xx_HAL_Driver/Src/stm32l1xx_hal_adc_ex.o
 .debug_aranges
                0x00000000000001f8       0xa8 Drivers/STM32L1xx_HAL_Driver/Src/stm32l1xx_hal_cortex.o
 .debug_aranges
                0x00000000000002a0       0x80 Drivers/STM32L1xx_HAL_Driver/Src/stm32l1xx_hal_dma.o
 .debug_aranges
                0x0000000000000320       0x58 Drivers/STM32L1xx_HAL_Driver/Src/stm32l1xx_hal_gpio.o
 .debug_aranges
                0x0000000000000378       0x90 Drivers/STM32L1xx_HAL_Driver/Src/stm32l1xx_hal_rcc.o
 .debug_aranges
                0x0000000000000408      0x368 Drivers/STM32L1xx_HAL_Driver/Src/stm32l1xx_hal_tim.o
 .debug_aranges
                0x0000000000000770       0x28 Drivers/STM32L1xx_HAL_Driver/Src/stm32l1xx_hal_tim_ex.o
 .debug_aranges
                0x0000000000000798       0x30 Src/adc.o
 .debug_aranges
                0x00000000000007c8       0x20 Src/dma.o
 .debug_aranges
                0x00000000000007e8       0x20 Src/gpio.o
 .debug_aranges
                0x0000000000000808       0x40 Src/main.o
 .debug_aranges
                0x0000000000000848       0x28 Src/pwm.o
 .debug_aranges
                0x0000000000000870       0x20 Src/stm32l1xx_hal_msp.o
 .debug_aranges
                0x0000000000000890       0x88 Src/stm32l1xx_it.o
 .debug_aranges
                0x0000000000000918       0x28 Src/system_stm32l1xx.o
 .debug_aranges
                0x0000000000000940       0x38 Src/tim.o
 .debug_aranges
                0x0000000000000978       0x28 startup/startup_stm32l152xc.o

.debug_ranges   0x0000000000000000      0x8f0
 .debug_ranges  0x0000000000000000       0xa0 Drivers/STM32L1xx_HAL_Driver/Src/stm32l1xx_hal.o
 .debug_ranges  0x00000000000000a0       0xe0 Drivers/STM32L1xx_HAL_Driver/Src/stm32l1xx_hal_adc.o
 .debug_ranges  0x0000000000000180       0x48 Drivers/STM32L1xx_HAL_Driver/Src/stm32l1xx_hal_adc_ex.o
 .debug_ranges  0x00000000000001c8       0xf8 Drivers/STM32L1xx_HAL_Driver/Src/stm32l1xx_hal_cortex.o
 .debug_ranges  0x00000000000002c0       0x70 Drivers/STM32L1xx_HAL_Driver/Src/stm32l1xx_hal_dma.o
 .debug_ranges  0x0000000000000330       0x48 Drivers/STM32L1xx_HAL_Driver/Src/stm32l1xx_hal_gpio.o
 .debug_ranges  0x0000000000000378       0x98 Drivers/STM32L1xx_HAL_Driver/Src/stm32l1xx_hal_rcc.o
 .debug_ranges  0x0000000000000410      0x358 Drivers/STM32L1xx_HAL_Driver/Src/stm32l1xx_hal_tim.o
 .debug_ranges  0x0000000000000768       0x18 Drivers/STM32L1xx_HAL_Driver/Src/stm32l1xx_hal_tim_ex.o
 .debug_ranges  0x0000000000000780       0x20 Src/adc.o
 .debug_ranges  0x00000000000007a0       0x10 Src/dma.o
 .debug_ranges  0x00000000000007b0       0x10 Src/gpio.o
 .debug_ranges  0x00000000000007c0       0x30 Src/main.o
 .debug_ranges  0x00000000000007f0       0x18 Src/pwm.o
 .debug_ranges  0x0000000000000808       0x10 Src/stm32l1xx_hal_msp.o
 .debug_ranges  0x0000000000000818       0x78 Src/stm32l1xx_it.o
 .debug_ranges  0x0000000000000890       0x18 Src/system_stm32l1xx.o
 .debug_ranges  0x00000000000008a8       0x28 Src/tim.o
 .debug_ranges  0x00000000000008d0       0x20 startup/startup_stm32l152xc.o

.debug_macro    0x0000000000000000    0x1848f
 .debug_macro   0x0000000000000000      0x327 Drivers/STM32L1xx_HAL_Driver/Src/stm32l1xx_hal.o
 .debug_macro   0x0000000000000327      0xa60 Drivers/STM32L1xx_HAL_Driver/Src/stm32l1xx_hal.o
 .debug_macro   0x0000000000000d87       0x22 Drivers/STM32L1xx_HAL_Driver/Src/stm32l1xx_hal.o
 .debug_macro   0x0000000000000da9       0x87 Drivers/STM32L1xx_HAL_Driver/Src/stm32l1xx_hal.o
 .debug_macro   0x0000000000000e30       0x51 Drivers/STM32L1xx_HAL_Driver/Src/stm32l1xx_hal.o
 .debug_macro   0x0000000000000e81       0xef Drivers/STM32L1xx_HAL_Driver/Src/stm32l1xx_hal.o
 .debug_macro   0x0000000000000f70       0x6a Drivers/STM32L1xx_HAL_Driver/Src/stm32l1xx_hal.o
 .debug_macro   0x0000000000000fda      0x1df Drivers/STM32L1xx_HAL_Driver/Src/stm32l1xx_hal.o
 .debug_macro   0x00000000000011b9       0x88 Drivers/STM32L1xx_HAL_Driver/Src/stm32l1xx_hal.o
 .debug_macro   0x0000000000001241       0x2e Drivers/STM32L1xx_HAL_Driver/Src/stm32l1xx_hal.o
 .debug_macro   0x000000000000126f       0x22 Drivers/STM32L1xx_HAL_Driver/Src/stm32l1xx_hal.o
 .debug_macro   0x0000000000001291       0x3a Drivers/STM32L1xx_HAL_Driver/Src/stm32l1xx_hal.o
 .debug_macro   0x00000000000012cb       0x34 Drivers/STM32L1xx_HAL_Driver/Src/stm32l1xx_hal.o
 .debug_macro   0x00000000000012ff      0xcb4 Drivers/STM32L1xx_HAL_Driver/Src/stm32l1xx_hal.o
 .debug_macro   0x0000000000001fb3     0xbb91 Drivers/STM32L1xx_HAL_Driver/Src/stm32l1xx_hal.o
 .debug_macro   0x000000000000db44       0x43 Drivers/STM32L1xx_HAL_Driver/Src/stm32l1xx_hal.o
 .debug_macro   0x000000000000db87     0x342b Drivers/STM32L1xx_HAL_Driver/Src/stm32l1xx_hal.o
 .debug_macro   0x0000000000010fb2       0x58 Drivers/STM32L1xx_HAL_Driver/Src/stm32l1xx_hal.o
 .debug_macro   0x000000000001100a       0x17 Drivers/STM32L1xx_HAL_Driver/Src/stm32l1xx_hal.o
 .debug_macro   0x0000000000011021       0x35 Drivers/STM32L1xx_HAL_Driver/Src/stm32l1xx_hal.o
 .debug_macro   0x0000000000011056       0x9c Drivers/STM32L1xx_HAL_Driver/Src/stm32l1xx_hal.o
 .debug_macro   0x00000000000110f2       0x16 Drivers/STM32L1xx_HAL_Driver/Src/stm32l1xx_hal.o
 .debug_macro   0x0000000000011108       0x97 Drivers/STM32L1xx_HAL_Driver/Src/stm32l1xx_hal.o
 .debug_macro   0x000000000001119f      0x330 Drivers/STM32L1xx_HAL_Driver/Src/stm32l1xx_hal.o
 .debug_macro   0x00000000000114cf       0xfd Drivers/STM32L1xx_HAL_Driver/Src/stm32l1xx_hal.o
 .debug_macro   0x00000000000115cc       0x10 Drivers/STM32L1xx_HAL_Driver/Src/stm32l1xx_hal.o
 .debug_macro   0x00000000000115dc       0x58 Drivers/STM32L1xx_HAL_Driver/Src/stm32l1xx_hal.o
 .debug_macro   0x0000000000011634       0x1f Drivers/STM32L1xx_HAL_Driver/Src/stm32l1xx_hal.o
 .debug_macro   0x0000000000011653       0x43 Drivers/STM32L1xx_HAL_Driver/Src/stm32l1xx_hal.o
 .debug_macro   0x0000000000011696       0x20 Drivers/STM32L1xx_HAL_Driver/Src/stm32l1xx_hal.o
 .debug_macro   0x00000000000116b6      0x18e Drivers/STM32L1xx_HAL_Driver/Src/stm32l1xx_hal.o
 .debug_macro   0x0000000000011844       0x10 Drivers/STM32L1xx_HAL_Driver/Src/stm32l1xx_hal.o
 .debug_macro   0x0000000000011854       0x1c Drivers/STM32L1xx_HAL_Driver/Src/stm32l1xx_hal.o
 .debug_macro   0x0000000000011870       0x52 Drivers/STM32L1xx_HAL_Driver/Src/stm32l1xx_hal.o
 .debug_macro   0x00000000000118c2       0x40 Drivers/STM32L1xx_HAL_Driver/Src/stm32l1xx_hal.o
 .debug_macro   0x0000000000011902       0x10 Drivers/STM32L1xx_HAL_Driver/Src/stm32l1xx_hal.o
 .debug_macro   0x0000000000011912       0x40 Drivers/STM32L1xx_HAL_Driver/Src/stm32l1xx_hal.o
 .debug_macro   0x0000000000011952       0xd7 Drivers/STM32L1xx_HAL_Driver/Src/stm32l1xx_hal.o
 .debug_macro   0x0000000000011a29       0x1c Drivers/STM32L1xx_HAL_Driver/Src/stm32l1xx_hal.o
 .debug_macro   0x0000000000011a45       0x3d Drivers/STM32L1xx_HAL_Driver/Src/stm32l1xx_hal.o
 .debug_macro   0x0000000000011a82       0x16 Drivers/STM32L1xx_HAL_Driver/Src/stm32l1xx_hal.o
 .debug_macro   0x0000000000011a98      0x16f Drivers/STM32L1xx_HAL_Driver/Src/stm32l1xx_hal.o
 .debug_macro   0x0000000000011c07       0x50 Drivers/STM32L1xx_HAL_Driver/Src/stm32l1xx_hal.o
 .debug_macro   0x0000000000011c57      0xe3e Drivers/STM32L1xx_HAL_Driver/Src/stm32l1xx_hal.o
 .debug_macro   0x0000000000012a95      0x24b Drivers/STM32L1xx_HAL_Driver/Src/stm32l1xx_hal.o
 .debug_macro   0x0000000000012ce0      0x141 Drivers/STM32L1xx_HAL_Driver/Src/stm32l1xx_hal.o
 .debug_macro   0x0000000000012e21       0xba Drivers/STM32L1xx_HAL_Driver/Src/stm32l1xx_hal.o
 .debug_macro   0x0000000000012edb      0x25d Drivers/STM32L1xx_HAL_Driver/Src/stm32l1xx_hal.o
 .debug_macro   0x0000000000013138      0x23a Drivers/STM32L1xx_HAL_Driver/Src/stm32l1xx_hal.o
 .debug_macro   0x0000000000013372      0x64d Drivers/STM32L1xx_HAL_Driver/Src/stm32l1xx_hal.o
 .debug_macro   0x00000000000139bf      0x16f Drivers/STM32L1xx_HAL_Driver/Src/stm32l1xx_hal.o
 .debug_macro   0x0000000000013b2e      0x11a Drivers/STM32L1xx_HAL_Driver/Src/stm32l1xx_hal.o
 .debug_macro   0x0000000000013c48      0x573 Drivers/STM32L1xx_HAL_Driver/Src/stm32l1xx_hal.o
 .debug_macro   0x00000000000141bb      0x1ed Drivers/STM32L1xx_HAL_Driver/Src/stm32l1xx_hal.o
 .debug_macro   0x00000000000143a8       0x22 Drivers/STM32L1xx_HAL_Driver/Src/stm32l1xx_hal.o
 .debug_macro   0x00000000000143ca      0x757 Drivers/STM32L1xx_HAL_Driver/Src/stm32l1xx_hal.o
 .debug_macro   0x0000000000014b21       0xac Drivers/STM32L1xx_HAL_Driver/Src/stm32l1xx_hal.o
 .debug_macro   0x0000000000014bcd      0x3dd Drivers/STM32L1xx_HAL_Driver/Src/stm32l1xx_hal.o
 .debug_macro   0x0000000000014faa      0x320 Drivers/STM32L1xx_HAL_Driver/Src/stm32l1xx_hal_adc.o
 .debug_macro   0x00000000000152ca      0x339 Drivers/STM32L1xx_HAL_Driver/Src/stm32l1xx_hal_adc_ex.o
 .debug_macro   0x0000000000015603      0x303 Drivers/STM32L1xx_HAL_Driver/Src/stm32l1xx_hal_cortex.o
 .debug_macro   0x0000000000015906      0x303 Drivers/STM32L1xx_HAL_Driver/Src/stm32l1xx_hal_dma.o
 .debug_macro   0x0000000000015c09      0x33c Drivers/STM32L1xx_HAL_Driver/Src/stm32l1xx_hal_gpio.o
 .debug_macro   0x0000000000015f45      0x33f Drivers/STM32L1xx_HAL_Driver/Src/stm32l1xx_hal_rcc.o
 .debug_macro   0x0000000000016284      0x304 Drivers/STM32L1xx_HAL_Driver/Src/stm32l1xx_hal_tim.o
 .debug_macro   0x0000000000016588      0x303 Drivers/STM32L1xx_HAL_Driver/Src/stm32l1xx_hal_tim_ex.o
 .debug_macro   0x000000000001688b      0x321 Src/adc.o
 .debug_macro   0x0000000000016bac      0x30d Src/dma.o
 .debug_macro   0x0000000000016eb9      0x30d Src/gpio.o
 .debug_macro   0x00000000000171c6      0x339 Src/main.o
 .debug_macro   0x00000000000174ff      0x31d Src/pwm.o
 .debug_macro   0x000000000001781c      0x303 Src/stm32l1xx_hal_msp.o
 .debug_macro   0x0000000000017b1f      0x30d Src/stm32l1xx_it.o
 .debug_macro   0x0000000000017e2c      0x308 Src/system_stm32l1xx.o
 .debug_macro   0x0000000000018134       0x34 Src/system_stm32l1xx.o
 .debug_macro   0x0000000000018168       0x10 Src/system_stm32l1xx.o
 .debug_macro   0x0000000000018178      0x317 Src/tim.o

.debug_line     0x0000000000000000     0xbf95
 .debug_line    0x0000000000000000      0x9dc Drivers/STM32L1xx_HAL_Driver/Src/stm32l1xx_hal.o
 .debug_line    0x00000000000009dc      0xd4f Drivers/STM32L1xx_HAL_Driver/Src/stm32l1xx_hal_adc.o
 .debug_line    0x000000000000172b      0xacf Drivers/STM32L1xx_HAL_Driver/Src/stm32l1xx_hal_adc_ex.o
 .debug_line    0x00000000000021fa      0xab8 Drivers/STM32L1xx_HAL_Driver/Src/stm32l1xx_hal_cortex.o
 .debug_line    0x0000000000002cb2      0xad1 Drivers/STM32L1xx_HAL_Driver/Src/stm32l1xx_hal_dma.o
 .debug_line    0x0000000000003783      0x9e2 Drivers/STM32L1xx_HAL_Driver/Src/stm32l1xx_hal_gpio.o
 .debug_line    0x0000000000004165      0xe89 Drivers/STM32L1xx_HAL_Driver/Src/stm32l1xx_hal_rcc.o
 .debug_line    0x0000000000004fee     0x1739 Drivers/STM32L1xx_HAL_Driver/Src/stm32l1xx_hal_tim.o
 .debug_line    0x0000000000006727      0x8fd Drivers/STM32L1xx_HAL_Driver/Src/stm32l1xx_hal_tim_ex.o
 .debug_line    0x0000000000007024      0x8fc Src/adc.o
 .debug_line    0x0000000000007920      0x875 Src/dma.o
 .debug_line    0x0000000000008195      0x871 Src/gpio.o
 .debug_line    0x0000000000008a06      0x8ff Src/main.o
 .debug_line    0x0000000000009305      0x89d Src/pwm.o
 .debug_line    0x0000000000009ba2      0x87d Src/stm32l1xx_hal_msp.o
 .debug_line    0x000000000000a41f      0x95f Src/stm32l1xx_it.o
 .debug_line    0x000000000000ad7e      0x8a5 Src/system_stm32l1xx.o
 .debug_line    0x000000000000b623      0x8f5 Src/tim.o
 .debug_line    0x000000000000bf18       0x7d startup/startup_stm32l152xc.o

.debug_str      0x0000000000000000    0x8ca3c
 .debug_str     0x0000000000000000    0x89edc Drivers/STM32L1xx_HAL_Driver/Src/stm32l1xx_hal.o
                                      0x8a26e (size before relaxing)
 .debug_str     0x0000000000089edc      0x6d3 Drivers/STM32L1xx_HAL_Driver/Src/stm32l1xx_hal_adc.o
                                      0x8a34f (size before relaxing)
 .debug_str     0x000000000008a5af      0x3cf Drivers/STM32L1xx_HAL_Driver/Src/stm32l1xx_hal_adc_ex.o
                                      0x8a369 (size before relaxing)
 .debug_str     0x000000000008a97e      0x3d8 Drivers/STM32L1xx_HAL_Driver/Src/stm32l1xx_hal_cortex.o
                                      0x8a3b9 (size before relaxing)
 .debug_str     0x000000000008ad56      0x216 Drivers/STM32L1xx_HAL_Driver/Src/stm32l1xx_hal_dma.o
                                      0x89f72 (size before relaxing)
 .debug_str     0x000000000008af6c      0x28e Drivers/STM32L1xx_HAL_Driver/Src/stm32l1xx_hal_gpio.o
                                      0x89e52 (size before relaxing)
 .debug_str     0x000000000008b1fa      0x540 Drivers/STM32L1xx_HAL_Driver/Src/stm32l1xx_hal_rcc.o
                                      0x8a1c9 (size before relaxing)
 .debug_str     0x000000000008b73a      0xe2a Drivers/STM32L1xx_HAL_Driver/Src/stm32l1xx_hal_tim.o
                                      0x8ac48 (size before relaxing)
 .debug_str     0x000000000008c564       0xc7 Drivers/STM32L1xx_HAL_Driver/Src/stm32l1xx_hal_tim_ex.o
                                      0x89f97 (size before relaxing)
 .debug_str     0x000000000008c62b       0x67 Src/adc.o
                                      0x8a42b (size before relaxing)
 .debug_str     0x000000000008c692       0x19 Src/dma.o
                                      0x89ef1 (size before relaxing)
 .debug_str     0x000000000008c6ab       0x1b Src/gpio.o
                                      0x89b85 (size before relaxing)
 .debug_str     0x000000000008c6c6       0xa7 Src/main.o
                                      0x8a732 (size before relaxing)
 .debug_str     0x000000000008c76d       0x8f Src/pwm.o
                                      0x89f88 (size before relaxing)
 .debug_str     0x000000000008c7fc       0x1b Src/stm32l1xx_hal_msp.o
                                      0x89f00 (size before relaxing)
 .debug_str     0x000000000008c817      0x13f Src/stm32l1xx_it.o
                                      0x8a1ee (size before relaxing)
 .debug_str     0x000000000008c956       0x72 Src/system_stm32l1xx.o
                                      0x89c29 (size before relaxing)
 .debug_str     0x000000000008c9c8       0x44 Src/tim.o
                                      0x8a576 (size before relaxing)
 .debug_str     0x000000000008ca0c       0x30 startup/startup_stm32l152xc.o
                                         0x6d (size before relaxing)

.comment        0x0000000000000000       0x7e
 .comment       0x0000000000000000       0x7e Drivers/STM32L1xx_HAL_Driver/Src/stm32l1xx_hal.o
                                         0x7f (size before relaxing)
 .comment       0x000000000000007e       0x7f Drivers/STM32L1xx_HAL_Driver/Src/stm32l1xx_hal_adc.o
 .comment       0x000000000000007e       0x7f Drivers/STM32L1xx_HAL_Driver/Src/stm32l1xx_hal_adc_ex.o
 .comment       0x000000000000007e       0x7f Drivers/STM32L1xx_HAL_Driver/Src/stm32l1xx_hal_cortex.o
 .comment       0x000000000000007e       0x7f Drivers/STM32L1xx_HAL_Driver/Src/stm32l1xx_hal_dma.o
 .comment       0x000000000000007e       0x7f Drivers/STM32L1xx_HAL_Driver/Src/stm32l1xx_hal_gpio.o
 .comment       0x000000000000007e       0x7f Drivers/STM32L1xx_HAL_Driver/Src/stm32l1xx_hal_rcc.o
 .comment       0x000000000000007e       0x7f Drivers/STM32L1xx_HAL_Driver/Src/stm32l1xx_hal_tim.o
 .comment       0x000000000000007e       0x7f Drivers/STM32L1xx_HAL_Driver/Src/stm32l1xx_hal_tim_ex.o
 .comment       0x000000000000007e       0x7f Src/adc.o
 .comment       0x000000000000007e       0x7f Src/dma.o
 .comment       0x000000000000007e       0x7f Src/gpio.o
 .comment       0x000000000000007e       0x7f Src/main.o
 .comment       0x000000000000007e       0x7f Src/pwm.o
 .comment       0x000000000000007e       0x7f Src/stm32l1xx_hal_msp.o
 .comment       0x000000000000007e       0x7f Src/stm32l1xx_it.o
 .comment       0x000000000000007e       0x7f Src/system_stm32l1xx.o
 .comment       0x000000000000007e       0x7f Src/tim.o

.debug_frame    0x0000000000000000     0x17e0
 .debug_frame   0x0000000000000000      0x168 Drivers/STM32L1xx_HAL_Driver/Src/stm32l1xx_hal.o
 .debug_frame   0x0000000000000168      0x2d8 Drivers/STM32L1xx_HAL_Driver/Src/stm32l1xx_hal_adc.o
 .debug_frame   0x0000000000000440       0xec Drivers/STM32L1xx_HAL_Driver/Src/stm32l1xx_hal_adc_ex.o
 .debug_frame   0x000000000000052c      0x15c Drivers/STM32L1xx_HAL_Driver/Src/stm32l1xx_hal_cortex.o
 .debug_frame   0x0000000000000688      0x154 Drivers/STM32L1xx_HAL_Driver/Src/stm32l1xx_hal_dma.o
 .debug_frame   0x00000000000007dc       0xec Drivers/STM32L1xx_HAL_Driver/Src/stm32l1xx_hal_gpio.o
 .debug_frame   0x00000000000008c8      0x168 Drivers/STM32L1xx_HAL_Driver/Src/stm32l1xx_hal_rcc.o
 .debug_frame   0x0000000000000a30      0x9c8 Drivers/STM32L1xx_HAL_Driver/Src/stm32l1xx_hal_tim.o
 .debug_frame   0x00000000000013f8       0x3c Drivers/STM32L1xx_HAL_Driver/Src/stm32l1xx_hal_tim_ex.o
 .debug_frame   0x0000000000001434       0x6c Src/adc.o
 .debug_frame   0x00000000000014a0       0x2c Src/dma.o
 .debug_frame   0x00000000000014cc       0x28 Src/gpio.o
 .debug_frame   0x00000000000014f4       0x80 Src/main.o
 .debug_frame   0x0000000000001574       0x3c Src/pwm.o
 .debug_frame   0x00000000000015b0       0x2c Src/stm32l1xx_hal_msp.o
 .debug_frame   0x00000000000015dc      0x120 Src/stm32l1xx_it.o
 .debug_frame   0x00000000000016fc       0x30 Src/system_stm32l1xx.o
 .debug_frame   0x000000000000172c       0x88 Src/tim.o
 .debug_frame   0x00000000000017b4       0x2c /Applications/Ac6/SystemWorkbench.app/Contents/Eclipse/plugins/fr.ac6.mcu.externaltools.arm-none.macos64_1.16.0.201807130628/tools/compiler/bin/../lib/gcc/arm-none-eabi/7.2.1/../../../../arm-none-eabi/lib/thumb/v7-m/libc_nano.a(lib_a-init.o)
